
> roseland-schedule@2.0.0 build
> next build

   ▲ Next.js 15.5.25

   Creating an optimized production build ...
 ✓ Compiled successfully in 1240ms
   Linting and checking validity of types ...
   Collecting page data ...
   Generating static pages (0/9) ...
   Generating static pages (2/9) 
   Generating static pages (4/9) 
   Generating static pages (6/9) 
 ✓ Generating static pages (9/9)
   Finalizing page optimization ...
   Collecting build traces ...

Route (app)                                             Size  First Load JS
┌ ○ /                                                19.5 kB         158 kB
├ ○ /_not-found                                        987 B         103 kB
├ ƒ /api/places                                        137 B         102 kB
├ ƒ /api/platform/invitations                          137 B         102 kB
├ ƒ /api/platform/invitations/[invitationId]/revoke    137 B         102 kB
├ ƒ /api/platform/organizations                        137 B         102 kB
├ ƒ /local-accept-invitation                          1.6 kB         170 kB
├ ƒ /local-invitations                                1.3 kB         173 kB
├ ƒ /local-schedule                                    182 B         229 kB
├ ƒ /local-workspace                                 11.3 kB         252 kB
├ ○ /login                                           3.18 kB         105 kB
├ ○ /manifest.webmanifest                              137 B         102 kB
├ ƒ /platform/setup                                  8.77 kB         173 kB
├ ƒ /schedule/[name]                                 9.65 kB         163 kB
├ ƒ /view                                            1.21 kB         108 kB
└ ƒ /view/[name]                                     1.24 kB         108 kB
+ First Load JS shared by all                         102 kB
  ├ chunks/2296c096-eff79f19ba6c2503.js              54.2 kB
  ├ chunks/949-e6491ec6c4568dcb.js                     46 kB
  └ other shared chunks (total)                      1.96 kB


ƒ Middleware                                         32.9 kB

○  (Static)   prerendered as static content
ƒ  (Dynamic)  server-rendered on demand

