
> roseland-schedule@2.0.0 test:platform
> node --disable-warning=MODULE_TYPELESS_PACKAGE_JSON --experimental-strip-types --test tests/platform/*.test.ts tests/platform/*.test.cjs

✔ acceptance uses an independent local gate and never exposes hosted config (0.79525ms)
✔ review binds an immutable invitation to one account (0.237042ms)
✔ double confirmation sends only one request and never repeats success (0.160959ms)
✔ auth retains exact request and recovers same account (0.094167ms)
✔ unavailable retains exact request and recovers same account (0.059458ms)
✔ unknown retains exact request and recovers same account (0.052166ms)
✔ lost-response retry checks receipt before any second acceptance (0.088416ms)
✔ absent, malformed and mismatched receipts never confirm acceptance (0.095792ms)
✔ late accept or receipt cannot cross account boundaries (0.078417ms)
✔ account change while checking a retry never starts acceptance (0.109417ms)
✔ repository pins the captured actor token and rejects another account (0.29225ms)
✔ development Auth setup is disabled by default (0.348584ms)
✔ development Auth setup accepts only a matching hosted Supabase project (0.349ms)
✔ development Auth setup rejects secret keys and mismatched projects (0.218958ms)
✔ development Auth setup rejects insecure or malformed URLs (0.082417ms)
✔ provisioning input normalizes global organization preferences (14.778ms)
✔ provisioning rejects invalid slugs and timezones (0.22875ms)
✔ invitation input defaults to a seven-day member invitation (0.148833ms)
✔ production invitations require a paired production role (0.07725ms)
✔ production invitations accept bounded roles and expiry (0.081083ms)
✔ revocation requires a bounded reason (0.068125ms)
✔ idempotency keys are mandatory and log-safe (1.188333ms)
✔ verified AAL2 claims use the recent authentication method, not token refresh (0.720625ms)
✔ AAL1 sessions are rejected (0.202166ms)
✔ verified workflow claims require a usable session ID and integral expiry (0.479458ms)
✔ stale authentication is rejected even when a token was recently refreshed (2.678167ms)
✔ claim subject and issuer must match the verified Auth response (0.249791ms)
✔ Google Places credentials stay server-only (17.4265ms)
✔ CSV round-trips quoted multiline Unicode and intended row context with formula-safe values (0.874875ms)
✔ CSV neutralizes formula prefixes in every column without altering ordinary text (0.207542ms)
✔ contact grouping preserves differing titles and emails, duplicate contexts, and title-only contacts (0.07875ms)
✔ safe download names strip filesystem separators, controls, and dot traversal (0.124917ms)
✔ fictional providers preserve zero coordinates, sun-only, unavailable and invalid data without network (8.894708ms)
✔ local admin needs its own flag, matching local server configuration and loopback host (0.61075ms)
✔ review snapshots normalize and freeze business input before any transport (0.333833ms)
✔ double submit produces one in-flight request and one acknowledged result (0.137417ms)
✔ unknown retains the exact key/body through same-account retry (0.104625ms)
✔ auth retains the exact key/body through same-account retry (0.067334ms)
✔ mfa retains the exact key/body through same-account retry (0.066792ms)
✔ rate retains the exact key/body through same-account retry (0.062542ms)
✔ denied retains the exact key/body through same-account retry (0.05825ms)
✔ changed-input conflict remains blocked even when a prior result is found (0.102834ms)
✔ uncertain transport can resolve only a matching completed result (0.137542ms)
✔ late request and result-check responses cannot cross an account boundary (0.106125ms)
✔ revocation cannot acknowledge a different invitation ID (0.083208ms)
✔ transport sends immutable key/body with current matching actor and bounded failures (11.780458ms)
✔ local backend requires explicit flag, loopback host and anonymous local key (0.558167ms)
✔ list rejects invalid cursors, malformed/duplicate summaries and maps expired sessions (0.533291ms)
✔ pending save advances version while preserving newer unsaved edits and prevents parallel save (5.629333ms)
✔ acknowledged current revision becomes clean; failed/conflicting save retains edits and baseline (0.173834ms)
✔ late save and load cannot cross a session boundary or overwrite edits made during loading (0.136125ms)
✔ passes a clean npm audit report (0.611584ms)
✔ allows findings below the high-severity gate (0.073583ms)
✔ blocks high or critical vulnerabilities (0.059542ms)
✔ recognizes the npm registry bulk-advisory outage (0.11875ms)
✔ fails closed for an unrecognized audit error (0.152667ms)
✔ provisioning canonicalizes and freezes the complete review without trusting tenant roles (19.121917ms)
✔ invalid owners, names, addresses, locale, timezone and reason cannot become a review (0.416167ms)
✔ duplicate submits send once and successful reviews never resend (0.170292ms)
✔ unknown preserves the original key/body across same-account retry (0.146ms)
✔ auth preserves the original key/body across same-account retry (0.097209ms)
✔ mfa preserves the original key/body across same-account retry (0.106709ms)
✔ denied preserves the original key/body across same-account retry (0.0845ms)
✔ rate preserves the original key/body across same-account retry (0.079792ms)
✔ conflicts never silently get a fresh key or retry (0.098917ms)
✔ account changes ignore late results and errors (0.246125ms)
✔ transport pins actor, exact body/key and no-cache same-origin endpoint (11.03225ms)
✔ transport requires a valid result and exact echoed request identity (0.445333ms)
✔ bounded server failures map without disclosing raw details (0.861833ms)
✔ attempt deeply captures actor, baseline and every optional document value (0.567875ms)
✔ send failure retains exact attempt; new save and unreviewed retry cannot dispatch (0.44925ms)
✔ lost committed response confirms without a write and retains edits/undo revision (6.077917ms)
✔ confirmed current attempt becomes clean only at the captured edit revision (0.195042ms)
✔ later server version is reported but never adopted as a writable baseline (0.389625ms)
✔ exact retry probes again and sends the frozen document, never newer edits (0.472708ms)
✔ server changes after check block retry without adopting its version (0.154792ms)
✔ unauthenticated retains attempt and draft through same-actor recovery (0.159208ms)
✔ unavailable retains attempt and draft through same-actor recovery (0.113792ms)
✔ conflict retains attempt and draft through same-actor recovery (0.127042ms)
✔ failed retains attempt and draft through same-actor recovery (0.091125ms)
✔ definite invalid input frees the attempt for corrected draft submission (0.084666ms)
✔ account change rejects late send and clears old attempt (0.098375ms)
✔ account change rejects late probe and clears old attempt (0.057958ms)
✔ same-actor token transition retains pending attempt and invalidates its late acknowledgement (0.111209ms)
✔ held check suppresses duplicate checks and cannot replace a changed document session (0.092041ms)
✔ unavailable check is not failure proof; successful explicit reload clears recovery (0.117333ms)
✔ acknowledgements require exact document, version, author, identity and lifecycle metadata (0.479083ms)
✔ history match requires the exact next author/document/metadata; missing history never matches (0.143334ms)
✔ transport pins actor token, exact version/document and scoped history filters (1.448375ms)
✔ different SDK or selected account blocks old attempt before any API request (0.226209ms)
✔ probe distinguishes baseline, missing history after changed version, matching older history and denial (0.353667ms)
✔ same version with changed baseline or malformed acknowledgement does not enable exact retry (0.145625ms)
✔ matching history cannot clean a contradictory current record at the same version (0.122083ms)
✔ history advancing beyond the first read requires a fresh matching current read (0.17975ms)
✔ creation retains a deeply immutable ID, destination and empty document (1.771417ms)
✔ lifecycle review snapshots the saved version and payload independently of future edits (1.095917ms)
✔ invalid transitions, extra payload and unrelated history cannot be reviewed (0.296875ms)
✔ duplicate confirmation sends once; successful requests never resend (0.367208ms)
✔ invalid preserves the original review and expected version (0.271417ms)
✔ unauthenticated preserves the original review and expected version (0.8995ms)
✔ unavailable preserves the original review and expected version (0.088709ms)
✔ failed preserves the original review and expected version (0.088209ms)
✔ lost response reconciles an immutable stored version without resending, even after later edits (0.108ms)
✔ a different saved version conflicts and never adopts a newer expected version (0.174791ms)
✔ absence never proves failure; create retry retains UUID and mutation stays blocked when invisible (0.230417ms)
✔ late writes and reconciliation cannot cross an account boundary (0.1185ms)
✔ account change during retry reconciliation cannot start a mutation (0.101083ms)
✔ history matching binds actor, document, metadata, identity and exact next version (6.349542ms)
✔ stored rename result preserves its documented metadata boundary (0.124916ms)
✔ stored unarchive result preserves its documented metadata boundary (0.052042ms)
✔ stored delete result preserves its documented metadata boundary (0.052417ms)
✔ stored restore result preserves its documented metadata boundary (0.038458ms)
✔ stored restore_version result preserves its documented metadata boundary (0.04875ms)
✔ lifecycle discovery fixes tenant, collection and cursor; history fixes tenant, ID and version (0.3525ms)
✔ another current account cannot dispatch an old actor lifecycle request (0.242125ms)
✔ mutation pins the reviewed version/token and rejects a mismatched acknowledgement (0.389541ms)
✔ a mismatched tenant or stale preflight never dispatches a lifecycle mutation (0.134416ms)
✔ update carries the original expected version and complete document to the RPC (1.944833ms)
✔ read uses the RLS-backed target RPC (0.094333ms)
✔ unsafe versions and IDs never reach the transport (0.243125ms)
✔ database errors become bounded outcomes without exposing server details (0.234ms)
✔ uncertain transport result cannot acknowledge a save or auto-retry it (0.084625ms)
✔ malformed, mismatched and stale acknowledgements are rejected (3.888083ms)
✔ creation requires a version-one acknowledgement for the requested parent (0.374125ms)
✔ lifecycle acknowledgements must advance the requested version exactly once (0.2295ms)
✔ verified Auth claims bind service workflow headers; inbound actor headers are ignored (9.891125ms)
✔ failed Auth verification never reaches a service-role RPC (0.401625ms)
✔ legacy JWT service keys get a bearer header; new secret keys never do (0.636708ms)
✔ unbound, mismatched and unapproved service requests are refused before transport (0.34ms)
✔ revocation between Auth verification and SQL admission returns a bounded 401 (0.297833ms)
✔ platform workflows stay disabled by default (0.08075ms)
✔ workflow replay conflicts and rate caps have bounded, distinct responses (0.300042ms)
✔ actual NextRequest loopback normalization preserves exact browser origin checks (28.563833ms)
✔ blocks every local advisor warning (0.544875ms)
✔ allows only reviewed linked-project warnings (0.055625ms)
✔ always blocks error-level findings (0.049292ms)
✔ workspace gate requires independent opt-in, matching loopback config and server workflows (0.785333ms)
✔ navigation serializes only known screens and UUID organization identifiers (0.237125ms)
✔ session expiry and same-account reauthentication keep identity; sign-out invalidates outstanding work (0.085ms)
✔ an account switch invalidates a pending directory result (0.069292ms)
✔ organization directory pins actor, active membership, undeleted parents and cursor (0.364125ms)
✔ schedule listing fixes organization and permission check fixes production (0.157709ms)
✔ a mismatched account sends no directory or permission queries (0.2635ms)
✔ directory distinguishes session expiry from forbidden or malformed responses (0.154792ms)
ℹ tests 144
ℹ suites 0
ℹ pass 144
ℹ fail 0
ℹ cancelled 0
ℹ skipped 0
ℹ todo 0
ℹ duration_ms 231.247042
