
> roseland-schedule@2.0.0 build
> next build

   ▲ Next.js 15.5.25

   Creating an optimized production build ...
 ✓ Compiled successfully in 1360ms
   Linting and checking validity of types ...
   Collecting page data ...
   Generating static pages (0/9) ...
   Generating static pages (2/9)
   Generating static pages (4/9)
   Generating static pages (6/9)
 ✓ Generating static pages (9/9)
   Finalizing page optimization ...
   Collecting build traces ...

Route (app)                                             Size  First Load JS
┌ ○ /                                                19.5 kB         158 kB
├ ○ /_not-found                                        992 B         104 kB
├ ƒ /api/places                                        137 B         103 kB
├ ƒ /api/platform/invitations                          137 B         103 kB
├ ƒ /api/platform/invitations/[invitationId]/revoke    137 B         103 kB
├ ƒ /api/platform/organizations                        137 B         103 kB
├ ƒ /local-accept-invitation                         1.61 kB         170 kB
├ ƒ /local-invitations                                1.3 kB         173 kB
├ ƒ /local-schedule                                    183 B         237 kB
├ ƒ /local-workspace                                 13.3 kB         262 kB
├ ○ /login                                           3.16 kB         106 kB
├ ○ /manifest.webmanifest                              137 B         103 kB
├ ƒ /platform/setup                                  8.75 kB         173 kB
├ ƒ /schedule/[name]                                 9.63 kB         164 kB
├ ƒ /view                                            1.21 kB         109 kB
└ ƒ /view/[name]                                     1.23 kB         109 kB
+ First Load JS shared by all                         103 kB
  ├ chunks/255-37e0f0325134c4d7.js                   46.4 kB
  ├ chunks/4bd1b696-c023c6e3521b1417.js              54.2 kB
  └ other shared chunks (total)                      1.96 kB


ƒ Middleware                                         32.5 kB

○  (Static)   prerendered as static content
ƒ  (Dynamic)  server-rendered on demand
