
> roseland-schedule@2.0.0 test:platform
> node --disable-warning=MODULE_TYPELESS_PACKAGE_JSON --experimental-strip-types --test tests/platform/*.test.ts tests/platform/*.test.cjs

✔ acceptance uses an independent local gate and never exposes hosted config (0.824667ms)
✔ review binds an immutable invitation to one account (0.242625ms)
✔ double confirmation sends only one request and never repeats success (0.170041ms)
✔ auth retains exact request and recovers same account (0.108416ms)
✔ unavailable retains exact request and recovers same account (0.071583ms)
✔ unknown retains exact request and recovers same account (0.057917ms)
✔ lost-response retry checks receipt before any second acceptance (0.107208ms)
✔ absent, malformed and mismatched receipts never confirm acceptance (0.109458ms)
✔ late accept or receipt cannot cross account boundaries (0.087625ms)
✔ account change while checking a retry never starts acceptance (0.13ms)
✔ repository pins the captured actor token and rejects another account (0.333542ms)
✔ development Auth setup is disabled by default (0.337375ms)
✔ development Auth setup accepts only a matching hosted Supabase project (0.346541ms)
✔ development Auth setup rejects secret keys and mismatched projects (0.214125ms)
✔ development Auth setup rejects insecure or malformed URLs (0.080833ms)
✔ provisioning input normalizes global organization preferences (19.737833ms)
✔ provisioning rejects invalid slugs and timezones (0.49625ms)
✔ invitation input defaults to a seven-day member invitation (2.035292ms)
✔ production invitations require a paired production role (0.235917ms)
✔ production invitations accept bounded roles and expiry (0.20525ms)
✔ revocation requires a bounded reason (1.458917ms)
✔ idempotency keys are mandatory and log-safe (0.164417ms)
✔ verified AAL2 claims use the recent authentication method, not token refresh (0.354708ms)
✔ AAL1 sessions are rejected (1.15ms)
✔ verified workflow claims require a usable session ID and integral expiry (0.653625ms)
✔ stale authentication is rejected even when a token was recently refreshed (0.405209ms)
✔ claim subject and issuer must match the verified Auth response (0.161917ms)
✔ Google Places credentials stay server-only (25.056375ms)
✔ CSV round-trips quoted multiline Unicode and intended row context with formula-safe values (0.819459ms)
✔ CSV neutralizes formula prefixes in every column without altering ordinary text (0.21125ms)
✔ contact grouping preserves differing titles and emails, duplicate contexts, and title-only contacts (0.087459ms)
✔ safe download names strip filesystem separators, controls, and dot traversal (3.576375ms)
✔ fictional providers preserve zero coordinates, sun-only, unavailable and invalid data without network (13.60425ms)
✔ local admin needs its own flag, matching local server configuration and loopback host (0.648834ms)
✔ review snapshots normalize and freeze business input before any transport (0.335959ms)
✔ double submit produces one in-flight request and one acknowledged result (0.156208ms)
✔ unknown retains the exact key/body through same-account retry (0.11825ms)
✔ auth retains the exact key/body through same-account retry (0.069875ms)
✔ mfa retains the exact key/body through same-account retry (0.069875ms)
✔ rate retains the exact key/body through same-account retry (0.063833ms)
✔ denied retains the exact key/body through same-account retry (0.056167ms)
✔ changed-input conflict remains blocked even when a prior result is found (0.114792ms)
✔ uncertain transport can resolve only a matching completed result (0.151334ms)
✔ late request and result-check responses cannot cross an account boundary (0.112334ms)
✔ revocation cannot acknowledge a different invitation ID (0.085208ms)
✔ transport sends immutable key/body with current matching actor and bounded failures (18.647542ms)
✔ local backend requires explicit flag, loopback host and anonymous local key (0.606541ms)
✔ list rejects invalid cursors, malformed/duplicate summaries and maps expired sessions (0.691583ms)
✔ pending save advances version while preserving newer unsaved edits and prevents parallel save (7.937208ms)
✔ acknowledged current revision becomes clean; failed/conflicting save retains edits and baseline (0.618375ms)
✔ late save and load cannot cross a session boundary or overwrite edits made during loading (0.364ms)
✔ passes a clean npm audit report (0.703833ms)
✔ allows findings below the high-severity gate (0.076083ms)
✔ blocks high or critical vulnerabilities (0.057209ms)
✔ recognizes the npm registry bulk-advisory outage (0.123209ms)
✔ fails closed for an unrecognized audit error (0.15475ms)
✔ provisioning canonicalizes and freezes the complete review without trusting tenant roles (14.113083ms)
✔ invalid owners, names, addresses, locale, timezone and reason cannot become a review (0.3555ms)
✔ duplicate submits send once and successful reviews never resend (0.221625ms)
✔ unknown preserves the original key/body across same-account retry (0.140708ms)
✔ auth preserves the original key/body across same-account retry (0.088125ms)
✔ mfa preserves the original key/body across same-account retry (0.095208ms)
✔ denied preserves the original key/body across same-account retry (0.08475ms)
✔ rate preserves the original key/body across same-account retry (0.0825ms)
✔ conflicts never silently get a fresh key or retry (0.103667ms)
✔ account changes ignore late results and errors (0.215709ms)
✔ transport pins actor, exact body/key and no-cache same-origin endpoint (16.763167ms)
✔ transport requires a valid result and exact echoed request identity (0.636667ms)
✔ bounded server failures map without disclosing raw details (0.985834ms)
✔ attempt deeply captures actor, baseline and every optional document value (0.572916ms)
✔ send failure retains exact attempt; new save and unreviewed retry cannot dispatch (0.458709ms)
✔ lost committed response confirms without a write and retains edits/undo revision (6.4265ms)
✔ confirmed current attempt becomes clean only at the captured edit revision (0.188792ms)
✔ later server version is reported but never adopted as a writable baseline (0.135417ms)
✔ exact retry probes again and sends the frozen document, never newer edits (0.147083ms)
✔ server changes after check block retry without adopting its version (0.105792ms)
✔ unauthenticated retains attempt and draft through same-actor recovery (0.146709ms)
✔ unavailable retains attempt and draft through same-actor recovery (0.107708ms)
✔ conflict retains attempt and draft through same-actor recovery (0.13125ms)
✔ failed retains attempt and draft through same-actor recovery (0.0945ms)
✔ definite invalid input frees the attempt for corrected draft submission (0.088542ms)
✔ account change rejects late send and clears old attempt (0.090583ms)
✔ account change rejects late probe and clears old attempt (0.056541ms)
✔ same-actor token transition retains pending attempt and invalidates its late acknowledgement (0.093333ms)
✔ held check suppresses duplicate checks and cannot replace a changed document session (0.092958ms)
✔ unavailable check is not failure proof; successful explicit reload clears recovery (0.116042ms)
✔ acknowledgements require exact document, version, author, identity and lifecycle metadata (0.485416ms)
✔ history match requires the exact next author/document/metadata; missing history never matches (0.143708ms)
✔ transport pins actor token, exact version/document and scoped history filters (1.27225ms)
✔ different SDK or selected account blocks old attempt before any API request (0.162584ms)
✔ probe distinguishes baseline, missing history after changed version, matching older history and denial (0.531541ms)
✔ same version with changed baseline or malformed acknowledgement does not enable exact retry (0.154791ms)
✔ matching history cannot clean a contradictory current record at the same version (0.134583ms)
✔ history advancing beyond the first read requires a fresh matching current read (0.189625ms)
✔ schedule-only JSON preserves complete documents, source provenance and canonical hash (21.033542ms)
✔ legacy formats are accepted without importing any legacy network adapter (1.28875ms)
✔ tampered hashes, partial entries, invalid JSON and unsupported versions fail closed (3.514042ms)
✔ unrecognized fields, bounds, dates, times and large nested collections are rejected without stripping (1.741ms)
✔ oversize file and count limits reject before review (16.468959ms)
✔ copy review freezes current draft and never mutates the source or later edits (0.556125ms)
✔ duplicate names, slugs and generated IDs fail before sending (0.508875ms)
✔ partial failure stops batch; lost acknowledgement recovers same UUID and skips completed items (0.755417ms)
✔ uncommitted failure retries the exact reviewed ID/document (0.245958ms)
✔ permission denial retains identity and prevents later items; auth recovery can retry (0.340417ms)
✔ scope change stops later writes and duplicate execution does not send twice (0.401125ms)
✔ conflicting identity blocks retry rather than allocating a replacement (0.192542ms)
✔ changed export inventory rejects incomplete or mixed output (5.311667ms)
✔ overwrite instructions are rejected rather than silently discarded (1.522042ms)
✔ creation retains a deeply immutable ID, destination and empty document (1.173ms)
✔ lifecycle review snapshots the saved version and payload independently of future edits (0.195625ms)
✔ invalid transitions, extra payload and unrelated history cannot be reviewed (0.123959ms)
✔ duplicate confirmation sends once; successful requests never resend (0.161667ms)
✔ invalid preserves the original review and expected version (0.119791ms)
✔ unauthenticated preserves the original review and expected version (0.604916ms)
✔ unavailable preserves the original review and expected version (0.103792ms)
✔ failed preserves the original review and expected version (0.090625ms)
✔ lost response reconciles an immutable stored version without resending, even after later edits (0.126167ms)
✔ a different saved version conflicts and never adopts a newer expected version (0.140541ms)
✔ absence never proves failure; create retry retains UUID and mutation stays blocked when invisible (0.150958ms)
✔ late writes and reconciliation cannot cross an account boundary (0.101666ms)
✔ account change during retry reconciliation cannot start a mutation (0.08125ms)
✔ history matching binds actor, document, metadata, identity and exact next version (5.893042ms)
✔ stored rename result preserves its documented metadata boundary (0.265833ms)
✔ stored unarchive result preserves its documented metadata boundary (0.086833ms)
✔ stored delete result preserves its documented metadata boundary (0.072375ms)
✔ stored restore result preserves its documented metadata boundary (0.042125ms)
✔ stored restore_version result preserves its documented metadata boundary (0.062333ms)
✔ lifecycle discovery fixes tenant, collection and cursor; history fixes tenant, ID and version (0.46675ms)
✔ another current account cannot dispatch an old actor lifecycle request (0.399375ms)
✔ mutation pins the reviewed version/token and rejects a mismatched acknowledgement (0.461375ms)
✔ a mismatched tenant or stale preflight never dispatches a lifecycle mutation (0.14975ms)
✔ update carries the original expected version and complete document to the RPC (2.040334ms)
✔ read uses the RLS-backed target RPC (0.099209ms)
✔ unsafe versions and IDs never reach the transport (0.2435ms)
✔ database errors become bounded outcomes without exposing server details (0.238042ms)
✔ uncertain transport result cannot acknowledge a save or auto-retry it (6.237458ms)
✔ malformed, mismatched and stale acknowledgements are rejected (0.568834ms)
✔ creation requires a version-one acknowledgement for the requested parent (0.147041ms)
✔ lifecycle acknowledgements must advance the requested version exactly once (0.106833ms)
✔ verified Auth claims bind service workflow headers; inbound actor headers are ignored (10.525125ms)
✔ failed Auth verification never reaches a service-role RPC (0.371917ms)
✔ legacy JWT service keys get a bearer header; new secret keys never do (0.663375ms)
✔ unbound, mismatched and unapproved service requests are refused before transport (0.335792ms)
✔ revocation between Auth verification and SQL admission returns a bounded 401 (0.550208ms)
✔ platform workflows stay disabled by default (0.12175ms)
✔ workflow replay conflicts and rate caps have bounded, distinct responses (0.342958ms)
✔ actual NextRequest loopback normalization preserves exact browser origin checks (19.682208ms)
✔ blocks every local advisor warning (0.58125ms)
✔ allows only reviewed linked-project warnings (0.07925ms)
✔ always blocks error-level findings (0.062167ms)
✔ workspace gate requires independent opt-in, matching loopback config and server workflows (0.773458ms)
✔ navigation serializes only known screens and UUID organization identifiers (0.229291ms)
✔ session expiry and same-account reauthentication keep identity; sign-out invalidates outstanding work (0.0855ms)
✔ an account switch invalidates a pending directory result (0.067792ms)
✔ organization directory pins actor, active membership, undeleted parents and cursor (0.340584ms)
✔ schedule listing fixes organization and permission check fixes production (0.163875ms)
✔ a mismatched account sends no directory or permission queries (0.266708ms)
✔ directory distinguishes session expiry from forbidden or malformed responses (0.161042ms)
ℹ tests 158
ℹ suites 0
ℹ pass 158
ℹ fail 0
ℹ cancelled 0
ℹ skipped 0
ℹ todo 0
ℹ duration_ms 323.186917
