PASS Editor cannot create
PASS Organizer creates without permission setup
PASS Viewer cannot save
PASS Editor saves existing document
PASS Editor cannot rename
PASS Editor cannot archive
PASS Editor restores document version
PASS Organizer soft deletes
PASS Editor cannot list Trash
PASS Organizer reads recoverable Trash
PASS Organizer restores identity and history
PASS Super Admin sets individual schedule bounds on Admin
PASS Admin cannot discover restricted schedule
PASS Admin cannot read restricted history
PASS Admin cannot bypass restriction via definer save RPC
PASS Admin cannot remove Super Admin bound
PASS Policy administration does not grant document access
PASS Outside actor cannot inspect policy
PASS Admin restricts Editor within owner bounds
PASS Inherited organization restriction blocks save
PASS Stale policy revision is rejected
PASS Explicit policy clears to inherited Standard
PASS Leadership explicitly assigns Organizer
PASS Existing Editor is not automatically promoted
PASS Copy creates one independent identity
PASS Copy atomically retains both explicit source restrictions
PASS Copied individual restriction denies original subject
PASS Copied Super Admin restriction still binds Admin
PASS Copy leaves source version unchanged
PASS Copy history restriction is effective
PASS Lost copy acknowledgement has exact receipt without history access
PASS Receipt rejects mismatched captured copy
PASS Receipt reveals nothing to restricted noncreator
PASS Real copy with discarded acknowledgement retains an uncertain request
PASS Retry recovers exact copy without history or duplicate creation
PASS Copy recovery creates no extra document or version
PASS Stale copy policy cannot be submitted
PASS Rejected copy leaves no partial schedule
PASS Permission Settings returns scoped fictional choices
PASS Destination bounds block an uneditable copy
PASS Failed policy combination rolls back document and history
PASS Inherited production bound blocks Organizer archive
PASS Denied mutations append no history
PASS Save waiting for admission honors newly committed restriction
PASS Blocked concurrent save changes neither version nor history
PASS Admitted save commits exactly once before later restriction
PASS Next save is denied after policy tightening
{"passed":47,"scope":"B03 genuine fictional Auth and RLS foundation","project":"roseland-b03-20260917"}
