Applying migration 20260719052450_create_tenant_foundation.sql...
Applying migration 20260720022921_create_auth_bootstrap_foundation.sql...
Applying migration 20260720034500_revoke_legacy_auto_grants.sql...
Applying migration 20260720043000_create_server_workflows.sql...
Applying migration 20260726090000_harden_function_privileges.sql...
Applying migration 20260808090000_create_schedule_domain_foundation.sql...
Applying migration 20260912090000_harden_permission_lifecycle.sql...
Applying migration 20260915010000_schedule_read_update_contract.sql...
Applying migration 20260915020000_schedule_lifecycle_contract.sql...
Applying migration 20260915030000_related_migration_catalogue.sql...
Applying migration 20260915040000_local_editor_session_contract.sql...
Applying migration 20260915050000_data_api_session_admission.sql...
Applying migration 20260915060000_workflow_request_contract.sql...
Applying migration 20260915070000_invitation_acceptance_receipt.sql...
Applying migration 20260917010000_organizer_role.sql...
Applying migration 20260917020000_schedule_permissions.sql...
Applying migration 20260917030000_schedule_copy_permissions.sql...
Applying migration 20260917040000_related_permission_paths.sql...
Applying migration 20260917050000_schedule_copy_receipts.sql...
Applying migration 20260917060000_unassigned_schedule_library.sql...
Applying migration 20260917070000_schedule_transfers.sql...
Started supabase local development setup.
