
> roseland-schedule@2.0.0 test:platform
> node --disable-warning=MODULE_TYPELESS_PACKAGE_JSON --experimental-strip-types --test tests/platform/*.test.ts tests/platform/*.test.cjs

✔ acceptance uses an independent local gate and never exposes hosted config (1.743417ms)
✔ review binds an immutable invitation to one account (0.336958ms)
✔ double confirmation sends only one request and never repeats success (0.185916ms)
✔ auth retains exact request and recovers same account (0.104666ms)
✔ unavailable retains exact request and recovers same account (0.069125ms)
✔ unknown retains exact request and recovers same account (0.057417ms)
✔ lost-response retry checks receipt before any second acceptance (0.093459ms)
✔ absent, malformed and mismatched receipts never confirm acceptance (0.100834ms)
✔ late accept or receipt cannot cross account boundaries (0.087292ms)
✔ account change while checking a retry never starts acceptance (0.121917ms)
✔ repository pins the captured actor token and rejects another account (0.329833ms)
✔ development Auth setup is disabled by default (0.342625ms)
✔ development Auth setup accepts only a matching hosted Supabase project (0.34725ms)
✔ development Auth setup rejects secret keys and mismatched projects (0.220875ms)
✔ development Auth setup rejects insecure or malformed URLs (0.088125ms)
✔ provisioning input normalizes global organization preferences (17.194333ms)
✔ provisioning rejects invalid slugs and timezones (0.245834ms)
✔ invitation input defaults to a seven-day member invitation (0.159584ms)
✔ production invitations require a paired production role (0.07325ms)
✔ production invitations accept bounded roles and expiry (2.833917ms)
✔ revocation requires a bounded reason (0.331459ms)
✔ idempotency keys are mandatory and log-safe (0.149167ms)
✔ verified AAL2 claims use the recent authentication method, not token refresh (0.351167ms)
✔ AAL1 sessions are rejected (0.089333ms)
✔ verified workflow claims require a usable session ID and integral expiry (0.223708ms)
✔ stale authentication is rejected even when a token was recently refreshed (0.073541ms)
✔ claim subject and issuer must match the verified Auth response (0.085209ms)
✔ Google Places credentials stay server-only (6.86575ms)
✔ CSV round-trips quoted multiline Unicode and intended row context with formula-safe values (0.808208ms)
✔ CSV neutralizes formula prefixes in every column without altering ordinary text (0.213ms)
✔ contact grouping preserves differing titles and emails, duplicate contexts, and title-only contacts (0.080541ms)
✔ safe download names strip filesystem separators, controls, and dot traversal (0.132292ms)
✔ fictional providers preserve zero coordinates, sun-only, unavailable and invalid data without network (15.523792ms)
✔ local admin needs its own flag, matching local server configuration and loopback host (0.611667ms)
✔ review snapshots normalize and freeze business input before any transport (0.310958ms)
✔ double submit produces one in-flight request and one acknowledged result (0.143833ms)
✔ unknown retains the exact key/body through same-account retry (0.107792ms)
✔ auth retains the exact key/body through same-account retry (0.062958ms)
✔ mfa retains the exact key/body through same-account retry (0.063084ms)
✔ rate retains the exact key/body through same-account retry (0.055709ms)
✔ denied retains the exact key/body through same-account retry (0.050959ms)
✔ changed-input conflict remains blocked even when a prior result is found (0.093ms)
✔ uncertain transport can resolve only a matching completed result (0.123417ms)
✔ late request and result-check responses cannot cross an account boundary (0.097ms)
✔ revocation cannot acknowledge a different invitation ID (0.072417ms)
✔ transport sends immutable key/body with current matching actor and bounded failures (17.474083ms)
✔ local backend requires explicit flag, loopback host and anonymous local key (0.553542ms)
✔ list rejects invalid cursors, malformed/duplicate summaries and maps expired sessions (1.065291ms)
✔ pending save advances version while preserving newer unsaved edits and prevents parallel save (7.709ms)
✔ acknowledged current revision becomes clean; failed/conflicting save retains edits and baseline (0.230083ms)
✔ late save and load cannot cross a session boundary or overwrite edits made during loading (0.169042ms)
✔ passes a clean npm audit report (0.62425ms)
✔ allows findings below the high-severity gate (0.071125ms)
✔ blocks high or critical vulnerabilities (0.055792ms)
✔ recognizes the npm registry bulk-advisory outage (0.119042ms)
✔ fails closed for an unrecognized audit error (0.16ms)
✔ provisioning canonicalizes and freezes the complete review without trusting tenant roles (35.379958ms)
✔ invalid owners, names, addresses, locale, timezone and reason cannot become a review (0.400333ms)
✔ duplicate submits send once and successful reviews never resend (0.159041ms)
✔ unknown preserves the original key/body across same-account retry (0.148625ms)
✔ auth preserves the original key/body across same-account retry (0.088083ms)
✔ mfa preserves the original key/body across same-account retry (0.094583ms)
✔ denied preserves the original key/body across same-account retry (0.081125ms)
✔ rate preserves the original key/body across same-account retry (0.096792ms)
✔ conflicts never silently get a fresh key or retry (0.111875ms)
✔ account changes ignore late results and errors (0.202917ms)
✔ transport pins actor, exact body/key and no-cache same-origin endpoint (12.172792ms)
✔ transport requires a valid result and exact echoed request identity (0.547958ms)
✔ bounded server failures map without disclosing raw details (0.953084ms)
✔ attempt deeply captures actor, baseline and every optional document value (0.557ms)
✔ send failure retains exact attempt; new save and unreviewed retry cannot dispatch (0.449792ms)
✔ lost committed response confirms without a write and retains edits/undo revision (7.705333ms)
✔ confirmed current attempt becomes clean only at the captured edit revision (0.397083ms)
✔ later server version is reported but never adopted as a writable baseline (0.331834ms)
✔ exact retry probes again and sends the frozen document, never newer edits (0.465834ms)
✔ server changes after check block retry without adopting its version (0.28925ms)
✔ unauthenticated retains attempt and draft through same-actor recovery (0.272ms)
✔ unavailable retains attempt and draft through same-actor recovery (0.262333ms)
✔ conflict retains attempt and draft through same-actor recovery (0.299667ms)
✔ failed retains attempt and draft through same-actor recovery (0.259334ms)
✔ definite invalid input frees the attempt for corrected draft submission (0.321041ms)
✔ account change rejects late send and clears old attempt (2.584209ms)
✔ account change rejects late probe and clears old attempt (0.302167ms)
✔ same-actor token transition retains pending attempt and invalidates its late acknowledgement (0.800333ms)
✔ held check suppresses duplicate checks and cannot replace a changed document session (0.341709ms)
✔ unavailable check is not failure proof; successful explicit reload clears recovery (1.520292ms)
✔ acknowledgements require exact document, version, author, identity and lifecycle metadata (2.476458ms)
✔ history match requires the exact next author/document/metadata; missing history never matches (0.176542ms)
✔ transport pins actor token, exact version/document and scoped history filters (1.528459ms)
✔ different SDK or selected account blocks old attempt before any API request (0.194333ms)
✔ probe distinguishes baseline, missing history after changed version, matching older history and denial (0.269084ms)
✔ same version with changed baseline or malformed acknowledgement does not enable exact retry (0.114208ms)
✔ matching history cannot clean a contradictory current record at the same version (0.112625ms)
✔ history advancing beyond the first read requires a fresh matching current read (0.180083ms)
✔ schedule-only JSON preserves complete documents, source provenance and canonical hash (14.903375ms)
✔ legacy formats are accepted without importing any legacy network adapter (0.982125ms)
✔ tampered hashes, partial entries, invalid JSON and unsupported versions fail closed (0.982625ms)
✔ unrecognized fields, bounds, dates, times and large nested collections are rejected without stripping (1.129166ms)
✔ oversize file and count limits reject before review (18.039625ms)
✔ copy review freezes current draft and never mutates the source or later edits (0.605292ms)
✔ duplicate names, slugs and generated IDs fail before sending (0.566834ms)
✔ partial failure stops batch; lost acknowledgement recovers same UUID and skips completed items (2.179417ms)
✔ uncommitted failure retries the exact reviewed ID/document (0.223667ms)
✔ permission denial retains identity and prevents later items; auth recovery can retry (0.323334ms)
✔ scope change stops later writes and duplicate execution does not send twice (0.234459ms)
✔ conflicting identity blocks retry rather than allocating a replacement (0.144125ms)
✔ changed export inventory rejects incomplete or mixed output (5.439208ms)
✔ overwrite instructions are rejected rather than silently discarded (1.37425ms)
✔ library search includes a matching record beyond two complete pages (1.682666ms)
✔ library pagination refuses repeated IDs and another tenant instead of returning partial results (0.367958ms)
✔ Unassigned creation acknowledgement binds production and optional phase (5.891583ms)
✔ creation retains a deeply immutable ID, destination and empty document (1.960875ms)
✔ lifecycle review snapshots the saved version and payload independently of future edits (0.577458ms)
✔ invalid transitions, extra payload and unrelated history cannot be reviewed (0.154625ms)
✔ duplicate confirmation sends once; successful requests never resend (0.182708ms)
✔ invalid preserves the original review and expected version (0.152208ms)
✔ unauthenticated preserves the original review and expected version (0.072209ms)
✔ unavailable preserves the original review and expected version (0.064917ms)
✔ failed preserves the original review and expected version (0.077958ms)
✔ lost response reconciles an immutable stored version without resending, even after later edits (0.1015ms)
✔ a different saved version conflicts and never adopts a newer expected version (0.924667ms)
✔ absence never proves failure; create retry retains UUID and mutation stays blocked when invisible (0.386ms)
✔ late writes and reconciliation cannot cross an account boundary (0.221959ms)
✔ account change during retry reconciliation cannot start a mutation (0.184458ms)
✔ history matching binds actor, document, metadata, identity and exact next version (6.753042ms)
✔ stored rename result preserves its documented metadata boundary (0.23075ms)
✔ stored unarchive result preserves its documented metadata boundary (0.060083ms)
✔ stored delete result preserves its documented metadata boundary (0.062875ms)
✔ stored restore result preserves its documented metadata boundary (0.035959ms)
✔ stored restore_version result preserves its documented metadata boundary (0.052958ms)
✔ lifecycle discovery fixes tenant, collection and cursor; history fixes tenant, ID and version (0.330292ms)
✔ another current account cannot dispatch an old actor lifecycle request (0.237875ms)
✔ mutation pins the reviewed version/token and rejects a mismatched acknowledgement (0.370333ms)
✔ a mismatched tenant or stale preflight never dispatches a lifecycle mutation (0.140875ms)
✔ update carries the original expected version and complete document to the RPC (0.770833ms)
✔ read uses the RLS-backed target RPC (0.083458ms)
✔ unsafe versions and IDs never reach the transport (0.220334ms)
✔ database errors become bounded outcomes without exposing server details (0.231167ms)
✔ uncertain transport result cannot acknowledge a save or auto-retry it (0.084084ms)
✔ malformed, mismatched and stale acknowledgements are rejected (0.179583ms)
✔ creation requires a version-one acknowledgement for the requested parent (0.11725ms)
✔ lifecycle acknowledgements must advance the requested version exactly once (0.08975ms)
✔ transfer review is deeply immutable and preserves identity through retry (0.488958ms)
✔ copy retries submit original captured payload and validate exact receipt (0.613208ms)
✔ another account never sends a retained transfer (0.165083ms)
✔ durable source draft includes undo and is bound to exact actor/org/schedule (7.015042ms)
✔ storage denial and failed readback must defer copy navigation (0.256292ms)
✔ restoring a version before a Move uses current canonical labels, including a return to the same production (0.953625ms)
✔ verified Auth claims bind service workflow headers; inbound actor headers are ignored (9.969916ms)
✔ failed Auth verification never reaches a service-role RPC (0.405208ms)
✔ legacy JWT service keys get a bearer header; new secret keys never do (0.665833ms)
✔ unbound, mismatched and unapproved service requests are refused before transport (0.359708ms)
✔ revocation between Auth verification and SQL admission returns a bounded 401 (0.308375ms)
✔ platform workflows stay disabled by default (0.091875ms)
✔ workflow replay conflicts and rate caps have bounded, distinct responses (0.31275ms)
✔ actual NextRequest loopback normalization preserves exact browser origin checks (12.890875ms)
✔ blocks every local advisor warning (0.549958ms)
✔ allows only reviewed linked-project warnings (0.061625ms)
✔ always blocks error-level findings (0.050083ms)
✔ workspace gate requires independent opt-in, matching loopback config and server workflows (0.768667ms)
✔ navigation serializes only known screens and UUID organization identifiers (0.232375ms)
✔ session expiry and same-account reauthentication keep identity; sign-out invalidates outstanding work (0.082208ms)
✔ an account switch invalidates a pending directory result (0.072708ms)
✔ organization directory pins actor, active membership, undeleted parents and cursor (0.360167ms)
✔ schedule listing fixes organization and permission check fixes production (0.170584ms)
✔ a mismatched account sends no directory or permission queries (0.278458ms)
✔ directory distinguishes session expiry from forbidden or malformed responses (0.160375ms)
ℹ tests 167
ℹ suites 0
ℹ pass 167
ℹ fail 0
ℹ cancelled 0
ℹ skipped 0
ℹ todo 0
ℹ duration_ms 298.279959
