PASS Owner AAL1 denied before genuine enrollment
PASS Genuine MFA owner reads complete B12-derived document
PASS Direct REST scoped read owner
PASS Direct REST scoped read editor
PASS Direct REST scoped read viewer
PASS Other organization direct REST does not disclose schedule
PASS Viewer cannot mutate through write RPC
PASS Unknown nested field refused without stripping
PASS Editor cannot write organization presentation
PASS Malicious/unknown CMS input refused colors
PASS Malicious/unknown CMS input refused logo
PASS Malicious/unknown CMS input refused labels
PASS Malicious/unknown CMS input refused actionStyles
PASS Template remains production scoped
PASS Template outsider denied
PASS Snapshot outsider denied
PASS Client projection preserves notes and excludes contacts
PASS Ordinary user cannot call trusted Client resolver
PASS Current source export restriction blocks existing Client link
PASS Source export restriction also blocks derived template
PASS Frozen organization retains permitted scoped Client read
PASS Frozen organization rejects share mutation
PASS Frozen organization rejects schedule write
PASS Service role cannot bypass organization freeze
PASS Frozen attempts left saved document unchanged
PASS Revoked link stays unavailable
PASS Unused service unavailable /storage/v1/bucket
PASS Unused service unavailable /realtime/v1/api/tenants
PASS Unused service unavailable /functions/v1/anything
PASS GraphQL extension unavailable; no GraphQL isolation acceptance
PASS Revoked genuine session denied on subsequent Data API call
PASS 31 B14 composition checks
