
> roseland-schedule@2.0.0 test:editor
> node --test tests/editor/*.test.cjs

✔ new and legacy backup formats round-trip complete schedule fields (38.252ms)
✔ export fails instead of silently omitting unreadable schedules (12.535208ms)
✔ invalid backups are rejected before any writes (7.3865ms)
✔ imports are create-only and report partial failures without overwriting (5.753667ms)
✔ long document fields survive real store load, edits, undo/redo, serialization and reload (63.517ms)
✔ refresh/clear of sun rows retains ordinary row identities, nested content and zero duration (21.400458ms)
✔ weather metadata and sun changes undo as one user operation without changing call sheet (14.206208ms)
✔ canonical tokenized public view passes through without an auth cookie or redirect (1.817125ms)
✔ legacy viewer link redirects once and preserves encoded name and token (0.507042ms)
✔ private schedules still require the auth flag (0.183375ms)
✔ deployed Request/Response entrypoints preserve native strong-read context across saving, listing, templates and snapshots (22.5195ms)
✔ name-only and public=1 requests cannot bypass sharing authorization (1.337417ms)
✔ signed viewers receive only displayed fields; editors retain full documents (1.052292ms)
✔ view links are scoped, expire, and reject legacy or altered tokens (0.136084ms)
✔ save: acknowledges the submitted revision and reads the new baseline on the next save (69.188875ms)
✔ saveForce: acknowledges the submitted revision and reads the new baseline on the next save (23.12625ms)
✔ late success cannot mutate a reopened document with the same name (19.479833ms)
✔ late offline cannot mutate a reopened document with the same name (16.724334ms)
✔ late conflict cannot mutate a reopened document with the same name (14.629541ms)
✔ unmount cancels acknowledgements without requiring a different schedule name (12.642375ms)
✔ out-of-order responses do not roll back the latest acknowledged baseline (12.071666ms)
✔ Save As retains edits made during its request and keeps them dirty (14.8015ms)
✔ Save As response after navigation cannot replace the document or route (11.563875ms)
✔ resolveConflictOverwrite stops after its snapshot if navigation changed the document (15.097792ms)
✔ resolveConflictReload stops after its snapshot if navigation changed the document (9.454916ms)
✔ late cloud loads cannot overwrite a subsequent document (9.72775ms)
✔ row edits, undo and redo advance revisions without persisting request guards (11.162875ms)
✔ Save As requires creation and reports an existing name without losing edits (10.261333ms)
✔ restore applies only when the submitted document is unchanged (10.549709ms)
✔ restore preserves edits made during the request (13.748792ms)
✔ restore ignores a late response after switch (9.082542ms)
✔ restore ignores a late response after reopen (9.357667ms)
✔ restore ignores a late response after unmount (10.836959ms)
✔ restore ignores a late response after later save (9.749291ms)
✔ snapshot copy applies only when the submitted document is unchanged (13.839166ms)
✔ snapshot copy preserves edits made during the request (8.538375ms)
✔ snapshot copy ignores a late response after switch (9.071ms)
✔ snapshot copy ignores a late response after reopen (8.703791ms)
✔ snapshot copy ignores a late response after unmount (9.022125ms)
✔ snapshot copy ignores a late response after later save (14.849667ms)
✔ an older toolbar save cannot acknowledge edits after restore starts (8.965ms)
✔ snapshot copy name collision leaves the source unchanged and can be retried (9.4135ms)
✔ Save As refuses an existing name even with force and preserves its contents (9.766ms)
✔ two simultaneous Save As requests for one name produce exactly one winner (0.8965ms)
✔ a provider outage must not be reported as a successful conditional save (25011.452041ms)
✔ normal saves retain timestamp conflict protection and allow intended updates (6.253875ms)
✔ create-only requests still require an authorized editor (0.91175ms)
✔ save API distinguishes a name collision from a remote-version conflict (43.505625ms)
✔ two ordinary saves of the same baseline cannot overwrite each other (1.170292ms)
✔ baseline-free ordinary save cannot replace an existing schedule (0.629417ms)
✔ a stale update cannot resurrect a deleted document (0.889083ms)
✔ template recovery preserves collisions and is idempotent (1.727542ms)
✔ local template copies survive failure unless fully acknowledged and unchanged (45.726166ms)
✔ local template copies survive incomplete unless fully acknowledged and unchanged (7.478ms)
✔ local template copies survive changed locally unless fully acknowledged and unchanged (5.502083ms)
✔ local template copies survive success unless fully acknowledged and unchanged (5.062959ms)
ℹ tests 56
ℹ suites 0
ℹ pass 56
ℹ fail 0
ℹ cancelled 0
ℹ skipped 0
ℹ todo 0
ℹ duration_ms 25197.22125
