
> roseland-schedule@2.0.0 test:platform
> node --disable-warning=MODULE_TYPELESS_PACKAGE_JSON --experimental-strip-types --test tests/platform/*.test.ts tests/platform/*.test.cjs

✔ acceptance uses an independent local gate and never exposes hosted config (0.829958ms)
✔ review binds an immutable invitation to one account (0.250959ms)
✔ double confirmation sends only one request and never repeats success (0.195041ms)
✔ auth retains exact request and recovers same account (0.0945ms)
✔ unavailable retains exact request and recovers same account (0.061208ms)
✔ unknown retains exact request and recovers same account (0.04825ms)
✔ lost-response retry checks receipt before any second acceptance (0.090375ms)
✔ absent, malformed and mismatched receipts never confirm acceptance (0.097875ms)
✔ late accept or receipt cannot cross account boundaries (0.078125ms)
✔ account change while checking a retry never starts acceptance (0.113917ms)
✔ repository pins the captured actor token and rejects another account (0.647084ms)
✔ development Auth setup is disabled by default (2.990791ms)
✔ development Auth setup accepts only a matching hosted Supabase project (0.407458ms)
✔ development Auth setup rejects secret keys and mismatched projects (0.232875ms)
✔ development Auth setup rejects insecure or malformed URLs (0.078416ms)
✔ provisioning input normalizes global organization preferences (14.048417ms)
✔ provisioning rejects invalid slugs and timezones (0.474416ms)
✔ invitation input defaults to a seven-day member invitation (3.020625ms)
✔ production invitations require a paired production role (0.11975ms)
✔ production invitations accept bounded roles and expiry (0.103792ms)
✔ revocation requires a bounded reason (0.072084ms)
✔ idempotency keys are mandatory and log-safe (0.624167ms)
✔ verified AAL2 claims use the recent authentication method, not token refresh (0.297ms)
✔ AAL1 sessions are rejected (0.077583ms)
✔ verified workflow claims require a usable session ID and integral expiry (0.196083ms)
✔ stale authentication is rejected even when a token was recently refreshed (0.275958ms)
✔ claim subject and issuer must match the verified Auth response (0.235666ms)
✔ Google Places credentials stay server-only (11.128458ms)
✔ CSV round-trips quoted multiline Unicode and intended row context with formula-safe values (0.921125ms)
✔ CSV neutralizes formula prefixes in every column without altering ordinary text (0.278875ms)
✔ contact grouping preserves differing titles and emails, duplicate contexts, and title-only contacts (0.101125ms)
✔ safe download names strip filesystem separators, controls, and dot traversal (0.154208ms)
✔ fictional providers preserve zero coordinates, sun-only, unavailable and invalid data without network (1.135292ms)
✔ local admin needs its own flag, matching local server configuration and loopback host (0.645208ms)
✔ review snapshots normalize and freeze business input before any transport (0.312916ms)
✔ double submit produces one in-flight request and one acknowledged result (0.131792ms)
✔ unknown retains the exact key/body through same-account retry (0.102083ms)
✔ auth retains the exact key/body through same-account retry (0.059416ms)
✔ mfa retains the exact key/body through same-account retry (0.0615ms)
✔ rate retains the exact key/body through same-account retry (0.049917ms)
✔ denied retains the exact key/body through same-account retry (0.048958ms)
✔ changed-input conflict remains blocked even when a prior result is found (0.095667ms)
✔ uncertain transport can resolve only a matching completed result (0.131209ms)
✔ late request and result-check responses cannot cross an account boundary (0.109417ms)
✔ revocation cannot acknowledge a different invitation ID (0.078416ms)
✔ transport sends immutable key/body with current matching actor and bounded failures (11.101333ms)
✔ local backend requires explicit flag, loopback host and anonymous local key (0.559334ms)
✔ list rejects invalid cursors, malformed/duplicate summaries and maps expired sessions (0.544ms)
✔ pending save advances version while preserving newer unsaved edits and prevents parallel save (6.377041ms)
✔ acknowledged current revision becomes clean; failed/conflicting save retains edits and baseline (0.223166ms)
✔ late save and load cannot cross a session boundary or overwrite edits made during loading (0.168209ms)
✔ passes a clean npm audit report (1.580459ms)
✔ allows findings below the high-severity gate (0.188625ms)
✔ blocks high or critical vulnerabilities (0.114917ms)
✔ recognizes the npm registry bulk-advisory outage (0.145417ms)
✔ fails closed for an unrecognized audit error (0.175292ms)
✔ provisioning canonicalizes and freezes the complete review without trusting tenant roles (18.35325ms)
✔ invalid owners, names, addresses, locale, timezone and reason cannot become a review (0.321167ms)
✔ duplicate submits send once and successful reviews never resend (0.148958ms)
✔ unknown preserves the original key/body across same-account retry (0.138875ms)
✔ auth preserves the original key/body across same-account retry (0.112375ms)
✔ mfa preserves the original key/body across same-account retry (0.097875ms)
✔ denied preserves the original key/body across same-account retry (0.084959ms)
✔ rate preserves the original key/body across same-account retry (0.090458ms)
✔ conflicts never silently get a fresh key or retry (0.115875ms)
✔ account changes ignore late results and errors (0.2055ms)
✔ transport pins actor, exact body/key and no-cache same-origin endpoint (13.064ms)
✔ transport requires a valid result and exact echoed request identity (0.471709ms)
✔ bounded server failures map without disclosing raw details (0.760542ms)
✔ attempt deeply captures actor, baseline and every optional document value (0.618625ms)
✔ send failure retains exact attempt; new save and unreviewed retry cannot dispatch (0.496708ms)
✔ lost committed response confirms without a write and retains edits/undo revision (5.633583ms)
✔ confirmed current attempt becomes clean only at the captured edit revision (0.14325ms)
✔ later server version is reported but never adopted as a writable baseline (0.114208ms)
✔ exact retry probes again and sends the frozen document, never newer edits (0.131041ms)
✔ server changes after check block retry without adopting its version (0.094458ms)
✔ unauthenticated retains attempt and draft through same-actor recovery (0.127209ms)
✔ unavailable retains attempt and draft through same-actor recovery (0.097292ms)
✔ conflict retains attempt and draft through same-actor recovery (0.139875ms)
✔ failed retains attempt and draft through same-actor recovery (0.089042ms)
✔ definite invalid input frees the attempt for corrected draft submission (0.078625ms)
✔ account change rejects late send and clears old attempt (0.083625ms)
✔ account change rejects late probe and clears old attempt (0.054583ms)
✔ same-actor token transition retains pending attempt and invalidates its late acknowledgement (0.09375ms)
✔ held check suppresses duplicate checks and cannot replace a changed document session (0.071333ms)
✔ unavailable check is not failure proof; successful explicit reload clears recovery (0.10175ms)
✔ acknowledgements require exact document, version, author, identity and lifecycle metadata (9.87575ms)
✔ history match requires the exact next author/document/metadata; missing history never matches (1.008084ms)
✔ transport pins actor token, exact version/document and scoped history filters (1.817333ms)
✔ different SDK or selected account blocks old attempt before any API request (0.460375ms)
✔ probe distinguishes baseline, missing history after changed version, matching older history and denial (0.714125ms)
✔ same version with changed baseline or malformed acknowledgement does not enable exact retry (0.332709ms)
✔ matching history cannot clean a contradictory current record at the same version (0.460959ms)
✔ history advancing beyond the first read requires a fresh matching current read (0.578709ms)
✔ schedule-only JSON preserves complete documents, source provenance and canonical hash (12.387917ms)
✔ legacy formats are accepted without importing any legacy network adapter (2.141791ms)
✔ tampered hashes, partial entries, invalid JSON and unsupported versions fail closed (2.087833ms)
✔ unrecognized fields, bounds, dates, times and large nested collections are rejected without stripping (0.691709ms)
✔ oversize file and count limits reject before review (17.94225ms)
✔ copy review freezes current draft and never mutates the source or later edits (0.976416ms)
✔ duplicate names, slugs and generated IDs fail before sending (0.555583ms)
✔ partial failure stops batch; lost acknowledgement recovers same UUID and skips completed items (0.547042ms)
✔ uncommitted failure retries the exact reviewed ID/document (0.214875ms)
✔ permission denial retains identity and prevents later items; auth recovery can retry (0.318208ms)
✔ scope change stops later writes and duplicate execution does not send twice (0.237583ms)
✔ conflicting identity blocks retry rather than allocating a replacement (0.13625ms)
✔ changed export inventory rejects incomplete or mixed output (5.67075ms)
✔ overwrite instructions are rejected rather than silently discarded (1.622042ms)
✔ creation retains a deeply immutable ID, destination and empty document (0.967459ms)
✔ lifecycle review snapshots the saved version and payload independently of future edits (0.171208ms)
✔ invalid transitions, extra payload and unrelated history cannot be reviewed (0.120125ms)
✔ duplicate confirmation sends once; successful requests never resend (0.149417ms)
✔ invalid preserves the original review and expected version (0.124583ms)
✔ unauthenticated preserves the original review and expected version (0.071208ms)
✔ unavailable preserves the original review and expected version (0.05925ms)
✔ failed preserves the original review and expected version (0.074083ms)
✔ lost response reconciles an immutable stored version without resending, even after later edits (0.094625ms)
✔ a different saved version conflicts and never adopts a newer expected version (0.137667ms)
✔ absence never proves failure; create retry retains UUID and mutation stays blocked when invisible (0.154083ms)
✔ late writes and reconciliation cannot cross an account boundary (0.107333ms)
✔ account change during retry reconciliation cannot start a mutation (0.104709ms)
✔ history matching binds actor, document, metadata, identity and exact next version (22.826709ms)
✔ stored rename result preserves its documented metadata boundary (0.123417ms)
✔ stored unarchive result preserves its documented metadata boundary (0.04925ms)
✔ stored delete result preserves its documented metadata boundary (0.055875ms)
✔ stored restore result preserves its documented metadata boundary (0.038666ms)
✔ stored restore_version result preserves its documented metadata boundary (0.049708ms)
✔ lifecycle discovery fixes tenant, collection and cursor; history fixes tenant, ID and version (0.342625ms)
✔ another current account cannot dispatch an old actor lifecycle request (2.158167ms)
✔ mutation pins the reviewed version/token and rejects a mismatched acknowledgement (0.495208ms)
✔ a mismatched tenant or stale preflight never dispatches a lifecycle mutation (0.155708ms)
✔ update carries the original expected version and complete document to the RPC (0.790667ms)
✔ read uses the RLS-backed target RPC (0.086083ms)
✔ unsafe versions and IDs never reach the transport (0.229083ms)
✔ database errors become bounded outcomes without exposing server details (0.237708ms)
✔ uncertain transport result cannot acknowledge a save or auto-retry it (0.106292ms)
✔ malformed, mismatched and stale acknowledgements are rejected (4.491083ms)
✔ creation requires a version-one acknowledgement for the requested parent (0.150208ms)
✔ lifecycle acknowledgements must advance the requested version exactly once (0.114167ms)
✔ verified Auth claims bind service workflow headers; inbound actor headers are ignored (10.042292ms)
✔ failed Auth verification never reaches a service-role RPC (0.350041ms)
✔ legacy JWT service keys get a bearer header; new secret keys never do (0.618167ms)
✔ unbound, mismatched and unapproved service requests are refused before transport (0.329917ms)
✔ revocation between Auth verification and SQL admission returns a bounded 401 (0.309667ms)
✔ platform workflows stay disabled by default (0.098291ms)
✔ workflow replay conflicts and rate caps have bounded, distinct responses (0.339292ms)
✔ actual NextRequest loopback normalization preserves exact browser origin checks (18.293958ms)
✔ blocks every local advisor warning (0.580083ms)
✔ allows only reviewed linked-project warnings (0.08825ms)
✔ always blocks error-level findings (0.058416ms)
✔ workspace gate requires independent opt-in, matching loopback config and server workflows (0.824542ms)
✔ navigation serializes only known screens and UUID organization identifiers (0.240375ms)
✔ session expiry and same-account reauthentication keep identity; sign-out invalidates outstanding work (0.085541ms)
✔ an account switch invalidates a pending directory result (0.071375ms)
✔ organization directory pins actor, active membership, undeleted parents and cursor (0.363375ms)
✔ schedule listing fixes organization and permission check fixes production (0.154625ms)
✔ a mismatched account sends no directory or permission queries (0.266375ms)
✔ directory distinguishes session expiry from forbidden or malformed responses (0.159042ms)
ℹ tests 158
ℹ suites 0
ℹ pass 158
ℹ fail 0
ℹ cancelled 0
ℹ skipped 0
ℹ todo 0
ℹ duration_ms 285.513416
