
> roseland-schedule@2.0.0 test:platform
> node --disable-warning=MODULE_TYPELESS_PACKAGE_JSON --experimental-strip-types --test tests/platform/*.test.ts tests/platform/*.test.cjs

✔ acceptance uses an independent local gate and never exposes hosted config (8.135583ms)
✔ review binds an immutable invitation to one account (0.256625ms)
✔ double confirmation sends only one request and never repeats success (0.166416ms)
✔ auth retains exact request and recovers same account (0.106375ms)
✔ unavailable retains exact request and recovers same account (0.06575ms)
✔ unknown retains exact request and recovers same account (0.052042ms)
✔ lost-response retry checks receipt before any second acceptance (0.09175ms)
✔ absent, malformed and mismatched receipts never confirm acceptance (0.096375ms)
✔ late accept or receipt cannot cross account boundaries (0.081791ms)
✔ account change while checking a retry never starts acceptance (0.11475ms)
✔ repository pins the captured actor token and rejects another account (0.3025ms)
✔ development Auth setup is disabled by default (0.349708ms)
✔ development Auth setup accepts only a matching hosted Supabase project (0.36425ms)
✔ development Auth setup rejects secret keys and mismatched projects (0.229333ms)
✔ development Auth setup rejects insecure or malformed URLs (0.084583ms)
✔ provisioning input normalizes global organization preferences (17.046083ms)
✔ provisioning rejects invalid slugs and timezones (0.362416ms)
✔ invitation input defaults to a seven-day member invitation (0.169084ms)
✔ production invitations require a paired production role (0.082875ms)
✔ production invitations accept bounded roles and expiry (0.089625ms)
✔ revocation requires a bounded reason (0.064708ms)
✔ idempotency keys are mandatory and log-safe (1.672458ms)
✔ verified AAL2 claims use the recent authentication method, not token refresh (0.891458ms)
✔ AAL1 sessions are rejected (0.100584ms)
✔ verified workflow claims require a usable session ID and integral expiry (0.209834ms)
✔ stale authentication is rejected even when a token was recently refreshed (0.074958ms)
✔ claim subject and issuer must match the verified Auth response (0.081041ms)
✔ Google Places credentials stay server-only (25.304375ms)
✔ CSV round-trips quoted multiline Unicode and intended row context with formula-safe values (0.819667ms)
✔ CSV neutralizes formula prefixes in every column without altering ordinary text (0.201625ms)
✔ contact grouping preserves differing titles and emails, duplicate contexts, and title-only contacts (0.078583ms)
✔ safe download names strip filesystem separators, controls, and dot traversal (0.130375ms)
✔ fictional providers preserve zero coordinates, sun-only, unavailable and invalid data without network (20.018292ms)
✔ local admin needs its own flag, matching local server configuration and loopback host (0.679333ms)
✔ review snapshots normalize and freeze business input before any transport (0.330834ms)
✔ double submit produces one in-flight request and one acknowledged result (0.142083ms)
✔ unknown retains the exact key/body through same-account retry (0.102625ms)
✔ auth retains the exact key/body through same-account retry (0.062541ms)
✔ mfa retains the exact key/body through same-account retry (0.063834ms)
✔ rate retains the exact key/body through same-account retry (0.053ms)
✔ denied retains the exact key/body through same-account retry (0.052667ms)
✔ changed-input conflict remains blocked even when a prior result is found (0.09675ms)
✔ uncertain transport can resolve only a matching completed result (0.140959ms)
✔ late request and result-check responses cannot cross an account boundary (0.105833ms)
✔ revocation cannot acknowledge a different invitation ID (0.0825ms)
✔ transport sends immutable key/body with current matching actor and bounded failures (18.011291ms)
✔ local backend requires explicit flag, loopback host and anonymous local key (0.558583ms)
✔ list rejects invalid cursors, malformed/duplicate summaries and maps expired sessions (0.532583ms)
✔ pending save advances version while preserving newer unsaved edits and prevents parallel save (5.760166ms)
✔ acknowledged current revision becomes clean; failed/conflicting save retains edits and baseline (0.173917ms)
✔ late save and load cannot cross a session boundary or overwrite edits made during loading (0.148208ms)
✔ passes a clean npm audit report (0.658125ms)
✔ allows findings below the high-severity gate (0.080208ms)
✔ blocks high or critical vulnerabilities (0.057083ms)
✔ recognizes the npm registry bulk-advisory outage (0.122833ms)
✔ fails closed for an unrecognized audit error (0.16ms)
✔ provisioning canonicalizes and freezes the complete review without trusting tenant roles (27.34775ms)
✔ invalid owners, names, addresses, locale, timezone and reason cannot become a review (0.378792ms)
✔ duplicate submits send once and successful reviews never resend (0.167541ms)
✔ unknown preserves the original key/body across same-account retry (0.142792ms)
✔ auth preserves the original key/body across same-account retry (0.089459ms)
✔ mfa preserves the original key/body across same-account retry (0.091709ms)
✔ denied preserves the original key/body across same-account retry (0.082458ms)
✔ rate preserves the original key/body across same-account retry (0.079375ms)
✔ conflicts never silently get a fresh key or retry (0.101291ms)
✔ account changes ignore late results and errors (0.198291ms)
✔ transport pins actor, exact body/key and no-cache same-origin endpoint (15.572209ms)
✔ transport requires a valid result and exact echoed request identity (0.4605ms)
✔ bounded server failures map without disclosing raw details (0.757458ms)
✔ attempt deeply captures actor, baseline and every optional document value (0.558667ms)
✔ send failure retains exact attempt; new save and unreviewed retry cannot dispatch (0.500459ms)
✔ lost committed response confirms without a write and retains edits/undo revision (17.2045ms)
✔ confirmed current attempt becomes clean only at the captured edit revision (0.212ms)
✔ later server version is reported but never adopted as a writable baseline (0.155667ms)
✔ exact retry probes again and sends the frozen document, never newer edits (0.161834ms)
✔ server changes after check block retry without adopting its version (0.111083ms)
✔ unauthenticated retains attempt and draft through same-actor recovery (0.126708ms)
✔ unavailable retains attempt and draft through same-actor recovery (0.100208ms)
✔ conflict retains attempt and draft through same-actor recovery (0.122917ms)
✔ failed retains attempt and draft through same-actor recovery (0.101542ms)
✔ definite invalid input frees the attempt for corrected draft submission (0.079375ms)
✔ account change rejects late send and clears old attempt (0.0935ms)
✔ account change rejects late probe and clears old attempt (0.061625ms)
✔ same-actor token transition retains pending attempt and invalidates its late acknowledgement (0.113ms)
✔ held check suppresses duplicate checks and cannot replace a changed document session (0.075209ms)
✔ unavailable check is not failure proof; successful explicit reload clears recovery (0.110291ms)
✔ acknowledgements require exact document, version, author, identity and lifecycle metadata (0.4875ms)
✔ history match requires the exact next author/document/metadata; missing history never matches (0.155541ms)
✔ transport pins actor token, exact version/document and scoped history filters (9.626042ms)
✔ different SDK or selected account blocks old attempt before any API request (0.222292ms)
✔ probe distinguishes baseline, missing history after changed version, matching older history and denial (0.901583ms)
✔ same version with changed baseline or malformed acknowledgement does not enable exact retry (0.681625ms)
✔ matching history cannot clean a contradictory current record at the same version (0.16325ms)
✔ history advancing beyond the first read requires a fresh matching current read (0.208291ms)
✔ schedule-only JSON preserves complete documents, source provenance and canonical hash (16.047667ms)
✔ legacy formats are accepted without importing any legacy network adapter (1.441375ms)
✔ tampered hashes, partial entries, invalid JSON and unsupported versions fail closed (1.481958ms)
✔ unrecognized fields, bounds, dates, times and large nested collections are rejected without stripping (0.70975ms)
✔ oversize file and count limits reject before review (15.557125ms)
✔ copy review freezes current draft and never mutates the source or later edits (0.539625ms)
✔ duplicate names, slugs and generated IDs fail before sending (0.482625ms)
✔ partial failure stops batch; lost acknowledgement recovers same UUID and skips completed items (0.541625ms)
✔ uncommitted failure retries the exact reviewed ID/document (0.212667ms)
✔ permission denial retains identity and prevents later items; auth recovery can retry (0.334458ms)
✔ scope change stops later writes and duplicate execution does not send twice (0.240709ms)
✔ conflicting identity blocks retry rather than allocating a replacement (0.137875ms)
✔ changed export inventory rejects incomplete or mixed output (5.602208ms)
✔ overwrite instructions are rejected rather than silently discarded (1.556791ms)
✔ library search includes a matching record beyond two complete pages (1.696542ms)
✔ library pagination refuses repeated IDs and another tenant instead of returning partial results (0.377916ms)
✔ Unassigned creation acknowledgement binds production and optional phase (5.764041ms)
✔ creation retains a deeply immutable ID, destination and empty document (0.998875ms)
✔ lifecycle review snapshots the saved version and payload independently of future edits (0.175792ms)
✔ invalid transitions, extra payload and unrelated history cannot be reviewed (0.115292ms)
✔ duplicate confirmation sends once; successful requests never resend (0.14325ms)
✔ invalid preserves the original review and expected version (0.115167ms)
✔ unauthenticated preserves the original review and expected version (0.068375ms)
✔ unavailable preserves the original review and expected version (0.059667ms)
✔ failed preserves the original review and expected version (0.0685ms)
✔ lost response reconciles an immutable stored version without resending, even after later edits (0.089125ms)
✔ a different saved version conflicts and never adopts a newer expected version (0.124875ms)
✔ absence never proves failure; create retry retains UUID and mutation stays blocked when invisible (0.142958ms)
✔ late writes and reconciliation cannot cross an account boundary (0.096125ms)
✔ account change during retry reconciliation cannot start a mutation (0.077042ms)
✔ history matching binds actor, document, metadata, identity and exact next version (8.126583ms)
✔ stored rename result preserves its documented metadata boundary (0.195708ms)
✔ stored unarchive result preserves its documented metadata boundary (0.061ms)
✔ stored delete result preserves its documented metadata boundary (0.075416ms)
✔ stored restore result preserves its documented metadata boundary (0.044125ms)
✔ stored restore_version result preserves its documented metadata boundary (0.054458ms)
✔ lifecycle discovery fixes tenant, collection and cursor; history fixes tenant, ID and version (0.3845ms)
✔ another current account cannot dispatch an old actor lifecycle request (0.261333ms)
✔ mutation pins the reviewed version/token and rejects a mismatched acknowledgement (0.418667ms)
✔ a mismatched tenant or stale preflight never dispatches a lifecycle mutation (0.136541ms)
✔ update carries the original expected version and complete document to the RPC (0.752375ms)
✔ read uses the RLS-backed target RPC (0.080833ms)
✔ unsafe versions and IDs never reach the transport (0.219667ms)
✔ database errors become bounded outcomes without exposing server details (0.231ms)
✔ uncertain transport result cannot acknowledge a save or auto-retry it (0.156ms)
✔ malformed, mismatched and stale acknowledgements are rejected (0.201833ms)
✔ creation requires a version-one acknowledgement for the requested parent (0.117667ms)
✔ lifecycle acknowledgements must advance the requested version exactly once (0.100083ms)
✔ verified Auth claims bind service workflow headers; inbound actor headers are ignored (10.531709ms)
✔ failed Auth verification never reaches a service-role RPC (0.415542ms)
✔ legacy JWT service keys get a bearer header; new secret keys never do (0.696375ms)
✔ unbound, mismatched and unapproved service requests are refused before transport (0.359292ms)
✔ revocation between Auth verification and SQL admission returns a bounded 401 (0.348875ms)
✔ platform workflows stay disabled by default (0.103917ms)
✔ workflow replay conflicts and rate caps have bounded, distinct responses (0.356916ms)
✔ actual NextRequest loopback normalization preserves exact browser origin checks (12.626958ms)
✔ blocks every local advisor warning (0.536333ms)
✔ allows only reviewed linked-project warnings (0.056917ms)
✔ always blocks error-level findings (0.047584ms)
✔ workspace gate requires independent opt-in, matching loopback config and server workflows (0.971375ms)
✔ navigation serializes only known screens and UUID organization identifiers (0.252958ms)
✔ session expiry and same-account reauthentication keep identity; sign-out invalidates outstanding work (0.084459ms)
✔ an account switch invalidates a pending directory result (0.070167ms)
✔ organization directory pins actor, active membership, undeleted parents and cursor (0.347875ms)
✔ schedule listing fixes organization and permission check fixes production (0.157541ms)
✔ a mismatched account sends no directory or permission queries (0.260625ms)
✔ directory distinguishes session expiry from forbidden or malformed responses (0.149041ms)
ℹ tests 161
ℹ suites 0
ℹ pass 161
ℹ fail 0
ℹ cancelled 0
ℹ skipped 0
ℹ todo 0
ℹ duration_ms 298.161708
