
> roseland-schedule@2.0.0 test:platform
> node --disable-warning=MODULE_TYPELESS_PACKAGE_JSON --experimental-strip-types --test tests/platform/*.test.ts tests/platform/*.test.cjs

✔ acceptance uses an independent local gate and never exposes hosted config (3.602667ms)
✔ review binds an immutable invitation to one account (0.288416ms)
✔ double confirmation sends only one request and never repeats success (0.193208ms)
✔ auth retains exact request and recovers same account (0.1085ms)
✔ unavailable retains exact request and recovers same account (0.065583ms)
✔ unknown retains exact request and recovers same account (0.052458ms)
✔ lost-response retry checks receipt before any second acceptance (0.09925ms)
✔ absent, malformed and mismatched receipts never confirm acceptance (0.10375ms)
✔ late accept or receipt cannot cross account boundaries (0.087542ms)
✔ account change while checking a retry never starts acceptance (0.126625ms)
✔ repository pins the captured actor token and rejects another account (1.723584ms)
✔ development Auth setup is disabled by default (0.342291ms)
✔ development Auth setup accepts only a matching hosted Supabase project (0.347292ms)
✔ development Auth setup rejects secret keys and mismatched projects (0.222792ms)
✔ development Auth setup rejects insecure or malformed URLs (0.082958ms)
✔ provisioning input normalizes global organization preferences (24.167542ms)
✔ provisioning rejects invalid slugs and timezones (0.228667ms)
✔ invitation input defaults to a seven-day member invitation (0.149875ms)
✔ production invitations require a paired production role (0.074583ms)
✔ production invitations accept bounded roles and expiry (0.080083ms)
✔ revocation requires a bounded reason (0.060416ms)
✔ idempotency keys are mandatory and log-safe (13.340042ms)
✔ verified AAL2 claims use the recent authentication method, not token refresh (1.141542ms)
✔ AAL1 sessions are rejected (0.159083ms)
✔ verified workflow claims require a usable session ID and integral expiry (0.24675ms)
✔ stale authentication is rejected even when a token was recently refreshed (0.084542ms)
✔ claim subject and issuer must match the verified Auth response (0.1215ms)
✔ Google Places credentials stay server-only (23.193ms)
✔ CSV round-trips quoted multiline Unicode and intended row context with formula-safe values (0.841708ms)
✔ CSV neutralizes formula prefixes in every column without altering ordinary text (0.227333ms)
✔ contact grouping preserves differing titles and emails, duplicate contexts, and title-only contacts (0.088542ms)
✔ safe download names strip filesystem separators, controls, and dot traversal (0.144834ms)
✔ fictional providers preserve zero coordinates, sun-only, unavailable and invalid data without network (15.04375ms)
✔ local admin needs its own flag, matching local server configuration and loopback host (0.722833ms)
✔ review snapshots normalize and freeze business input before any transport (0.337042ms)
✔ double submit produces one in-flight request and one acknowledged result (0.142291ms)
✔ unknown retains the exact key/body through same-account retry (0.113083ms)
✔ auth retains the exact key/body through same-account retry (0.068959ms)
✔ mfa retains the exact key/body through same-account retry (0.070583ms)
✔ rate retains the exact key/body through same-account retry (0.062875ms)
✔ denied retains the exact key/body through same-account retry (0.058666ms)
✔ changed-input conflict remains blocked even when a prior result is found (0.116834ms)
✔ uncertain transport can resolve only a matching completed result (0.31175ms)
✔ late request and result-check responses cannot cross an account boundary (0.192875ms)
✔ revocation cannot acknowledge a different invitation ID (0.113375ms)
✔ transport sends immutable key/body with current matching actor and bounded failures (23.387458ms)
✔ local backend requires explicit flag, loopback host and anonymous local key (0.581917ms)
✔ list rejects invalid cursors, malformed/duplicate summaries and maps expired sessions (0.554ms)
✔ pending save advances version while preserving newer unsaved edits and prevents parallel save (6.256958ms)
✔ acknowledged current revision becomes clean; failed/conflicting save retains edits and baseline (0.22225ms)
✔ late save and load cannot cross a session boundary or overwrite edits made during loading (0.159375ms)
✔ passes a clean npm audit report (1.432625ms)
✔ allows findings below the high-severity gate (0.077708ms)
✔ blocks high or critical vulnerabilities (0.05925ms)
✔ recognizes the npm registry bulk-advisory outage (0.116375ms)
✔ fails closed for an unrecognized audit error (0.151041ms)
✔ provisioning canonicalizes and freezes the complete review without trusting tenant roles (21.318667ms)
✔ invalid owners, names, addresses, locale, timezone and reason cannot become a review (0.460041ms)
✔ duplicate submits send once and successful reviews never resend (0.210625ms)
✔ unknown preserves the original key/body across same-account retry (0.161125ms)
✔ auth preserves the original key/body across same-account retry (0.098375ms)
✔ mfa preserves the original key/body across same-account retry (0.104208ms)
✔ denied preserves the original key/body across same-account retry (0.084875ms)
✔ rate preserves the original key/body across same-account retry (0.081ms)
✔ conflicts never silently get a fresh key or retry (0.10575ms)
✔ account changes ignore late results and errors (0.225791ms)
✔ transport pins actor, exact body/key and no-cache same-origin endpoint (13.880875ms)
✔ transport requires a valid result and exact echoed request identity (0.573125ms)
✔ bounded server failures map without disclosing raw details (0.865416ms)
✔ attempt deeply captures actor, baseline and every optional document value (1.147959ms)
✔ send failure retains exact attempt; new save and unreviewed retry cannot dispatch (0.573375ms)
✔ lost committed response confirms without a write and retains edits/undo revision (9.988667ms)
✔ confirmed current attempt becomes clean only at the captured edit revision (0.20075ms)
✔ later server version is reported but never adopted as a writable baseline (0.134083ms)
✔ exact retry probes again and sends the frozen document, never newer edits (0.146333ms)
✔ server changes after check block retry without adopting its version (0.5305ms)
✔ unauthenticated retains attempt and draft through same-actor recovery (0.204167ms)
✔ unavailable retains attempt and draft through same-actor recovery (0.112833ms)
✔ conflict retains attempt and draft through same-actor recovery (0.132ms)
✔ failed retains attempt and draft through same-actor recovery (0.08925ms)
✔ definite invalid input frees the attempt for corrected draft submission (0.081209ms)
✔ account change rejects late send and clears old attempt (0.095333ms)
✔ account change rejects late probe and clears old attempt (0.062292ms)
✔ same-actor token transition retains pending attempt and invalidates its late acknowledgement (0.122916ms)
✔ held check suppresses duplicate checks and cannot replace a changed document session (0.075458ms)
✔ unavailable check is not failure proof; successful explicit reload clears recovery (0.120042ms)
✔ acknowledgements require exact document, version, author, identity and lifecycle metadata (0.53625ms)
✔ history match requires the exact next author/document/metadata; missing history never matches (0.165541ms)
✔ transport pins actor token, exact version/document and scoped history filters (1.427667ms)
✔ different SDK or selected account blocks old attempt before any API request (0.402042ms)
✔ probe distinguishes baseline, missing history after changed version, matching older history and denial (0.5385ms)
✔ same version with changed baseline or malformed acknowledgement does not enable exact retry (0.1745ms)
✔ matching history cannot clean a contradictory current record at the same version (0.193333ms)
✔ history advancing beyond the first read requires a fresh matching current read (0.223375ms)
✔ schedule-only JSON preserves complete documents, source provenance and canonical hash (10.632708ms)
✔ legacy formats are accepted without importing any legacy network adapter (0.966625ms)
✔ tampered hashes, partial entries, invalid JSON and unsupported versions fail closed (1.871166ms)
✔ unrecognized fields, bounds, dates, times and large nested collections are rejected without stripping (0.6645ms)
✔ oversize file and count limits reject before review (14.3655ms)
✔ copy review freezes current draft and never mutates the source or later edits (0.531667ms)
✔ duplicate names, slugs and generated IDs fail before sending (0.5085ms)
✔ partial failure stops batch; lost acknowledgement recovers same UUID and skips completed items (0.520625ms)
✔ uncommitted failure retries the exact reviewed ID/document (0.308583ms)
✔ permission denial retains identity and prevents later items; auth recovery can retry (0.411333ms)
✔ scope change stops later writes and duplicate execution does not send twice (0.255167ms)
✔ conflicting identity blocks retry rather than allocating a replacement (0.135584ms)
✔ changed export inventory rejects incomplete or mixed output (5.59325ms)
✔ overwrite instructions are rejected rather than silently discarded (2.008042ms)
✔ library search includes a matching record beyond two complete pages (15.462708ms)
✔ library pagination refuses repeated IDs and another tenant instead of returning partial results (0.448ms)
✔ Unassigned creation acknowledgement binds production and optional phase (6.784458ms)
✔ creation retains a deeply immutable ID, destination and empty document (1.541958ms)
✔ lifecycle review snapshots the saved version and payload independently of future edits (0.225208ms)
✔ invalid transitions, extra payload and unrelated history cannot be reviewed (0.1425ms)
✔ duplicate confirmation sends once; successful requests never resend (0.190333ms)
✔ invalid preserves the original review and expected version (0.127583ms)
✔ unauthenticated preserves the original review and expected version (0.073708ms)
✔ unavailable preserves the original review and expected version (0.058834ms)
✔ failed preserves the original review and expected version (0.069875ms)
✔ lost response reconciles an immutable stored version without resending, even after later edits (0.101667ms)
✔ a different saved version conflicts and never adopts a newer expected version (0.141417ms)
✔ absence never proves failure; create retry retains UUID and mutation stays blocked when invisible (0.149417ms)
✔ late writes and reconciliation cannot cross an account boundary (0.109791ms)
✔ account change during retry reconciliation cannot start a mutation (0.15275ms)
✔ history matching binds actor, document, metadata, identity and exact next version (12.218959ms)
✔ stored rename result preserves its documented metadata boundary (0.129625ms)
✔ stored unarchive result preserves its documented metadata boundary (0.048625ms)
✔ stored delete result preserves its documented metadata boundary (0.051958ms)
✔ stored restore result preserves its documented metadata boundary (0.037084ms)
✔ stored restore_version result preserves its documented metadata boundary (0.047541ms)
✔ lifecycle discovery fixes tenant, collection and cursor; history fixes tenant, ID and version (0.327292ms)
✔ another current account cannot dispatch an old actor lifecycle request (0.246708ms)
✔ mutation pins the reviewed version/token and rejects a mismatched acknowledgement (0.39025ms)
✔ a mismatched tenant or stale preflight never dispatches a lifecycle mutation (0.137833ms)
✔ update carries the original expected version and complete document to the RPC (1.227791ms)
✔ read uses the RLS-backed target RPC (0.09475ms)
✔ unsafe versions and IDs never reach the transport (0.2435ms)
✔ database errors become bounded outcomes without exposing server details (0.243959ms)
✔ uncertain transport result cannot acknowledge a save or auto-retry it (0.092458ms)
✔ malformed, mismatched and stale acknowledgements are rejected (0.181875ms)
✔ creation requires a version-one acknowledgement for the requested parent (0.1065ms)
✔ lifecycle acknowledgements must advance the requested version exactly once (0.093042ms)
✔ transfer review is deeply immutable and preserves identity through retry (0.525625ms)
✔ copy retries submit original captured payload and validate exact receipt (0.679875ms)
✔ another account never sends a retained transfer (0.20525ms)
✔ durable source draft includes undo and is bound to exact actor/org/schedule (7.954291ms)
✔ storage denial and failed readback must defer copy navigation (0.268584ms)
✔ restoring a version before a Move uses current canonical labels, including a return to the same production (0.867041ms)
✔ verified Auth claims bind service workflow headers; inbound actor headers are ignored (10.012792ms)
✔ failed Auth verification never reaches a service-role RPC (0.411ms)
✔ legacy JWT service keys get a bearer header; new secret keys never do (0.688041ms)
✔ unbound, mismatched and unapproved service requests are refused before transport (0.353625ms)
✔ revocation between Auth verification and SQL admission returns a bounded 401 (0.327833ms)
✔ platform workflows stay disabled by default (0.107292ms)
✔ workflow replay conflicts and rate caps have bounded, distinct responses (0.370375ms)
✔ actual NextRequest loopback normalization preserves exact browser origin checks (21.129ms)
✔ blocks every local advisor warning (0.616875ms)
✔ allows only reviewed linked-project warnings (0.06775ms)
✔ always blocks error-level findings (0.202917ms)
✔ workspace gate requires independent opt-in, matching loopback config and server workflows (0.929834ms)
✔ navigation serializes only known screens and UUID organization identifiers (0.262292ms)
✔ session expiry and same-account reauthentication keep identity; sign-out invalidates outstanding work (0.097667ms)
✔ an account switch invalidates a pending directory result (0.074041ms)
✔ organization directory pins actor, active membership, undeleted parents and cursor (0.398042ms)
✔ schedule listing fixes organization and permission check fixes production (0.178333ms)
✔ a mismatched account sends no directory or permission queries (0.304584ms)
✔ directory distinguishes session expiry from forbidden or malformed responses (0.175584ms)
ℹ tests 167
ℹ suites 0
ℹ pass 167
ℹ fail 0
ℹ cancelled 0
ℹ skipped 0
ℹ todo 0
ℹ duration_ms 350.549083
