Connecting to local database...
psql:/private/tmp/roseland-b13-source/supabase/tests/database/account_onboarding.test.sql:2: NOTICE:  extension "pgtap" already exists, skipping
/private/tmp/roseland-b13-source/supabase/tests/database/account_onboarding.test.sql .................... ok
psql:/private/tmp/roseland-b13-source/supabase/tests/database/auth_bootstrap.test.sql:4: NOTICE:  extension "pgtap" already exists, skipping
/private/tmp/roseland-b13-source/supabase/tests/database/auth_bootstrap.test.sql ........................ ok
psql:/private/tmp/roseland-b13-source/supabase/tests/database/data_api_sessions.test.sql:2: NOTICE:  extension "pgtap" already exists, skipping
/private/tmp/roseland-b13-source/supabase/tests/database/data_api_sessions.test.sql ..................... ok
psql:/private/tmp/roseland-b13-source/supabase/tests/database/function_privileges.test.sql:4: NOTICE:  extension "pgtap" already exists, skipping
/private/tmp/roseland-b13-source/supabase/tests/database/function_privileges.test.sql ................... ok
psql:/private/tmp/roseland-b13-source/supabase/tests/database/invitation_acceptance_receipt.test.sql:2: NOTICE:  extension "pgtap" already exists, skipping
/private/tmp/roseland-b13-source/supabase/tests/database/invitation_acceptance_receipt.test.sql ......... ok
psql:/private/tmp/roseland-b13-source/supabase/tests/database/local_editor_sessions.test.sql:2: NOTICE:  extension "pgtap" already exists, skipping
/private/tmp/roseland-b13-source/supabase/tests/database/local_editor_sessions.test.sql ................. ok
/private/tmp/roseland-b13-source/supabase/tests/database/organization_presentation_privileges.test.sql .. ok
psql:/private/tmp/roseland-b13-source/supabase/tests/database/permission_lifecycle.test.sql:3: NOTICE:  extension "pgtap" already exists, skipping
psql:/private/tmp/roseland-b13-source/supabase/tests/database/permission_lifecycle.test.sql:100: ERROR:  At least one active Organization Super Admin must remain
CONTEXT:  PL/pgSQL function private.guard_organization_membership_change() line 15 at RAISE
/private/tmp/roseland-b13-source/supabase/tests/database/permission_lifecycle.test.sql .................. 
Dubious, test returned 3 (wstat 768, 0x300)
All 29 subtests passed 
psql:/private/tmp/roseland-b13-source/supabase/tests/database/related_catalogue.test.sql:4: NOTICE:  extension "pgtap" already exists, skipping
/private/tmp/roseland-b13-source/supabase/tests/database/related_catalogue.test.sql ..................... ok
psql:/private/tmp/roseland-b13-source/supabase/tests/database/schedule_contract.test.sql:4: NOTICE:  extension "pgtap" already exists, skipping
/private/tmp/roseland-b13-source/supabase/tests/database/schedule_contract.test.sql ..................... ok
psql:/private/tmp/roseland-b13-source/supabase/tests/database/schedule_domain_rls.test.sql:4: NOTICE:  extension "pgtap" already exists, skipping
/private/tmp/roseland-b13-source/supabase/tests/database/schedule_domain_rls.test.sql ................... ok
psql:/private/tmp/roseland-b13-source/supabase/tests/database/schedule_lifecycle.test.sql:4: NOTICE:  extension "pgtap" already exists, skipping
/private/tmp/roseland-b13-source/supabase/tests/database/schedule_lifecycle.test.sql .................... ok
psql:/private/tmp/roseland-b13-source/supabase/tests/database/schedule_transfer_privileges.test.sql:3: NOTICE:  extension "pgtap" already exists, skipping
/private/tmp/roseland-b13-source/supabase/tests/database/schedule_transfer_privileges.test.sql .......... ok
psql:/private/tmp/roseland-b13-source/supabase/tests/database/server_workflows.test.sql:4: NOTICE:  extension "pgtap" already exists, skipping
/private/tmp/roseland-b13-source/supabase/tests/database/server_workflows.test.sql ...................... 
# Failed test 20: "owner can create an administrator invitation"
#     died: P0001: invitation workflow unavailable
#         CONTEXT:
#             PL/pgSQL function private.create_organization_invitation_request(uuid,uuid,text,public.organization_role,uuid,public.production_role,timestamp with time zone,text,timestamp with time zone,text,jsonb) line 31 at RAISE
#             SQL function "create_organization_invitation" statement 1
#             SQL statement "select public.create_organization_invitation(
#                 '51000000-0000-4000-a000-000000000002',
#                 current_setting('test.customer_org_id')::uuid,
#                 'Admin@Example.Test',
#                 'admin',
#                 null,
#                 null,
#                 now() + interval '7 days',
#                 'aal2',
#                 now(),
#                 'invite-admin-0001'
#               )"
#             PL/pgSQL function lives_ok(text,text) line 14 at EXECUTE
# Failed test 21: "created invitation has the intended pending administrator role"
#         have: NULL
#         want: pending:admin
# Failed test 22: "invitation creation is audited"
#         have: 0
#         want: 1
# Failed test 23: "invitation creation rejects changed input for an already used request ID"
#       caught: P0001: invitation workflow unavailable
#       wanted: PT409: Workflow request conflict
# Failed test 24: "idempotent invitation retry creates no duplicate"
#         have: 0
#         want: 1
# Failed test 25: "invited administrator can accept with the matching verified email"
#     died: 22P02: invalid input syntax for type uuid: ""
#         CONTEXT:
#             SQL statement "select public.accept_organization_invitation(current_setting('test.admin_invitation_id')::uuid)"
#             PL/pgSQL function lives_ok(text,text) line 14 at EXECUTE
# Failed test 26: "accepted invitation activates the administrator membership"
#         have: NULL
#         want: admin:active
# Failed test 28: "administrator can create a member invitation"
#     died: P0001: invitation workflow unavailable
#         CONTEXT:
#             PL/pgSQL function private.create_organization_invitation_request(uuid,uuid,text,public.organization_role,uuid,public.production_role,timestamp with time zone,text,timestamp with time zone,text,jsonb) line 31 at RAISE
#             SQL function "create_organization_invitation" statement 1
#             SQL statement "select public.create_organization_invitation(
#                 '51000000-0000-4000-a000-000000000003',
#                 current_setting('test.customer_org_id')::uuid,
#                 'member@example.test', 'member', null, null,
#                 now() + interval '7 days', 'aal2', now(), 'invite-member-0001'
#               )"
#             PL/pgSQL function lives_ok(text,text) line 14 at EXECUTE
# Failed test 29: "administrator can revoke a pending member invitation"
#     died: 22P02: invalid input syntax for type uuid: ""
#         CONTEXT:
#             SQL statement "select public.revoke_organization_invitation(
#                 '51000000-0000-4000-a000-000000000003',
#                 current_setting('test.member_invitation_id')::uuid,
#                 'Recipient no longer requires access',
#                 'aal2',
#                 now(),
#                 'revoke-member-0001'
#               )"
#             PL/pgSQL function lives_ok(text,text) line 14 at EXECUTE
# Failed test 30: "revocation makes the invitation terminal"
#         have: NULL
#         want: revoked
# Failed test 31: "invitation revocation is audited"
#         have: 0
#         want: 1
# Looks like you failed 11 tests of 36
Failed 11/36 subtests 
/private/tmp/roseland-b13-source/supabase/tests/database/snapshot_privileges.test.sql ................... ok
psql:/private/tmp/roseland-b13-source/supabase/tests/database/template_privileges.test.sql:3: NOTICE:  extension "pgtap" already exists, skipping
/private/tmp/roseland-b13-source/supabase/tests/database/template_privileges.test.sql ................... ok
psql:/private/tmp/roseland-b13-source/supabase/tests/database/tenant_rls.test.sql:7: NOTICE:  extension "pgtap" already exists, skipping
/private/tmp/roseland-b13-source/supabase/tests/database/tenant_rls.test.sql ............................ ok
psql:/private/tmp/roseland-b13-source/supabase/tests/database/workflow_requests.test.sql:2: NOTICE:  extension "pgtap" already exists, skipping
psql:/private/tmp/roseland-b13-source/supabase/tests/database/workflow_requests.test.sql:39: ERROR:  invitation workflow unavailable
CONTEXT:  PL/pgSQL function private.create_organization_invitation_request(uuid,uuid,text,public.organization_role,uuid,public.production_role,timestamp with time zone,text,timestamp with time zone,text,jsonb) line 31 at RAISE
PL/pgSQL function public.create_organization_invitation_with_days(uuid,uuid,text,public.organization_role,uuid,public.production_role,integer,text,timestamp with time zone,text) line 6 at RETURN
/private/tmp/roseland-b13-source/supabase/tests/database/workflow_requests.test.sql ..................... 
Dubious, test returned 3 (wstat 768, 0x300)
All 10 subtests passed 

Test Summary Report
-------------------
/private/tmp/roseland-b13-source/supabase/tests/database/permission_lifecycle.test.sql                (Wstat: 768 (exited 3) Tests: 29 Failed: 0)
  Non-zero exit status: 3
  Parse errors: No plan found in TAP output
/private/tmp/roseland-b13-source/supabase/tests/database/server_workflows.test.sql                    (Wstat: 0 Tests: 36 Failed: 11)
  Failed tests:  20-26, 28-31
/private/tmp/roseland-b13-source/supabase/tests/database/workflow_requests.test.sql                   (Wstat: 768 (exited 3) Tests: 10 Failed: 0)
  Non-zero exit status: 3
  Parse errors: No plan found in TAP output
Files=18, Tests=468,  0 wallclock secs ( 0.03 usr  0.02 sys +  0.05 cusr  0.03 csys =  0.13 CPU)
Result: FAIL
error running container: exit 1
