Connecting to local database...
psql:/private/tmp/roseland-b13-source/supabase/tests/database/account_onboarding.test.sql:2: NOTICE:  extension "pgtap" already exists, skipping
/private/tmp/roseland-b13-source/supabase/tests/database/account_onboarding.test.sql .................... ok
psql:/private/tmp/roseland-b13-source/supabase/tests/database/auth_bootstrap.test.sql:4: NOTICE:  extension "pgtap" already exists, skipping
psql:/private/tmp/roseland-b13-source/supabase/tests/database/auth_bootstrap.test.sql:17: ERROR:  organization_read_only
CONTEXT:  PL/pgSQL function private.require_organization_writable(uuid) line 5 at RAISE
SQL statement "SELECT private.require_organization_writable(org)"
PL/pgSQL function private.guard_organization_write() line 23 at PERFORM
/private/tmp/roseland-b13-source/supabase/tests/database/auth_bootstrap.test.sql ........................ 
Dubious, test returned 3 (wstat 768, 0x300)
Failed 35/35 subtests 
psql:/private/tmp/roseland-b13-source/supabase/tests/database/data_api_sessions.test.sql:2: NOTICE:  extension "pgtap" already exists, skipping
/private/tmp/roseland-b13-source/supabase/tests/database/data_api_sessions.test.sql ..................... ok
psql:/private/tmp/roseland-b13-source/supabase/tests/database/function_privileges.test.sql:4: NOTICE:  extension "pgtap" already exists, skipping
/private/tmp/roseland-b13-source/supabase/tests/database/function_privileges.test.sql ................... ok
psql:/private/tmp/roseland-b13-source/supabase/tests/database/invitation_acceptance_receipt.test.sql:2: NOTICE:  extension "pgtap" already exists, skipping
/private/tmp/roseland-b13-source/supabase/tests/database/invitation_acceptance_receipt.test.sql ......... ok
psql:/private/tmp/roseland-b13-source/supabase/tests/database/local_editor_sessions.test.sql:2: NOTICE:  extension "pgtap" already exists, skipping
/private/tmp/roseland-b13-source/supabase/tests/database/local_editor_sessions.test.sql ................. ok
/private/tmp/roseland-b13-source/supabase/tests/database/organization_presentation_privileges.test.sql .. ok
psql:/private/tmp/roseland-b13-source/supabase/tests/database/permission_lifecycle.test.sql:3: NOTICE:  extension "pgtap" already exists, skipping
/private/tmp/roseland-b13-source/supabase/tests/database/permission_lifecycle.test.sql .................. ok
psql:/private/tmp/roseland-b13-source/supabase/tests/database/related_catalogue.test.sql:4: NOTICE:  extension "pgtap" already exists, skipping
/private/tmp/roseland-b13-source/supabase/tests/database/related_catalogue.test.sql ..................... ok
psql:/private/tmp/roseland-b13-source/supabase/tests/database/schedule_contract.test.sql:4: NOTICE:  extension "pgtap" already exists, skipping
/private/tmp/roseland-b13-source/supabase/tests/database/schedule_contract.test.sql ..................... ok
psql:/private/tmp/roseland-b13-source/supabase/tests/database/schedule_domain_rls.test.sql:4: NOTICE:  extension "pgtap" already exists, skipping
/private/tmp/roseland-b13-source/supabase/tests/database/schedule_domain_rls.test.sql ................... ok
psql:/private/tmp/roseland-b13-source/supabase/tests/database/schedule_lifecycle.test.sql:4: NOTICE:  extension "pgtap" already exists, skipping
/private/tmp/roseland-b13-source/supabase/tests/database/schedule_lifecycle.test.sql .................... ok
psql:/private/tmp/roseland-b13-source/supabase/tests/database/schedule_transfer_privileges.test.sql:3: NOTICE:  extension "pgtap" already exists, skipping
/private/tmp/roseland-b13-source/supabase/tests/database/schedule_transfer_privileges.test.sql .......... ok
psql:/private/tmp/roseland-b13-source/supabase/tests/database/server_workflows.test.sql:13: NOTICE:  extension "pgtap" already exists, skipping
psql:/private/tmp/roseland-b13-source/supabase/tests/database/server_workflows.test.sql:26: ERROR:  organization_read_only
CONTEXT:  PL/pgSQL function private.require_organization_writable(uuid) line 5 at RAISE
SQL statement "SELECT private.require_organization_writable(org)"
PL/pgSQL function private.guard_organization_write() line 23 at PERFORM
/private/tmp/roseland-b13-source/supabase/tests/database/server_workflows.test.sql ...................... 
Dubious, test returned 3 (wstat 768, 0x300)
Failed 36/36 subtests 
/private/tmp/roseland-b13-source/supabase/tests/database/snapshot_privileges.test.sql ................... ok
psql:/private/tmp/roseland-b13-source/supabase/tests/database/template_privileges.test.sql:3: NOTICE:  extension "pgtap" already exists, skipping
/private/tmp/roseland-b13-source/supabase/tests/database/template_privileges.test.sql ................... ok
psql:/private/tmp/roseland-b13-source/supabase/tests/database/tenant_rls.test.sql:7: NOTICE:  extension "pgtap" already exists, skipping
/private/tmp/roseland-b13-source/supabase/tests/database/tenant_rls.test.sql ............................ ok
psql:/private/tmp/roseland-b13-source/supabase/tests/database/workflow_requests.test.sql:11: NOTICE:  extension "pgtap" already exists, skipping
/private/tmp/roseland-b13-source/supabase/tests/database/workflow_requests.test.sql ..................... ok

Test Summary Report
-------------------
/private/tmp/roseland-b13-source/supabase/tests/database/auth_bootstrap.test.sql                      (Wstat: 768 (exited 3) Tests: 0 Failed: 0)
  Non-zero exit status: 3
  Parse errors: Bad plan.  You planned 35 tests but ran 0.
/private/tmp/roseland-b13-source/supabase/tests/database/server_workflows.test.sql                    (Wstat: 768 (exited 3) Tests: 0 Failed: 0)
  Non-zero exit status: 3
  Parse errors: Bad plan.  You planned 36 tests but ran 0.
Files=18, Tests=418,  0 wallclock secs ( 0.03 usr  0.01 sys +  0.05 cusr  0.03 csys =  0.12 CPU)
Result: FAIL
error running container: exit 1
