
> roseland-schedule@2.0.0 test:editor
> node --test tests/editor/*.test.cjs

✔ new and legacy backup formats round-trip complete schedule fields (38.202083ms)
✔ export fails instead of silently omitting unreadable schedules (10.8955ms)
✔ invalid backups are rejected before any writes (6.8245ms)
✔ imports are create-only and report partial failures without overwriting (6.615083ms)
✔ long document fields survive real store load, edits, undo/redo, serialization and reload (65.494208ms)
✔ refresh/clear of sun rows retains ordinary row identities, nested content and zero duration (22.214792ms)
✔ weather metadata and sun changes undo as one user operation without changing call sheet (13.696542ms)
✔ canonical tokenized public view passes through without an auth cookie or redirect (1.798875ms)
✔ legacy viewer link redirects once and preserves encoded name and token (0.520708ms)
✔ private schedules still require the auth flag (0.186041ms)
✔ deployed Request/Response entrypoints preserve native strong-read context across saving, listing, templates and snapshots (22.932334ms)
✔ Changing organization or cancelling preview clears absent palette tokens and action styles (41.511083ms)
✔ A late legacy configuration load cannot overwrite an organization-scoped configuration (8.323416ms)
✔ name-only and public=1 requests cannot bypass sharing authorization (1.06475ms)
✔ signed viewers receive only displayed fields; editors retain full documents (1.035375ms)
✔ view links are scoped, expire, and reject legacy or altered tokens (0.131916ms)
✔ save: acknowledges the submitted revision and reads the new baseline on the next save (75.716709ms)
✔ saveForce: acknowledges the submitted revision and reads the new baseline on the next save (24.037416ms)
✔ late success cannot mutate a reopened document with the same name (18.620791ms)
✔ late offline cannot mutate a reopened document with the same name (19.376917ms)
✔ late conflict cannot mutate a reopened document with the same name (13.641167ms)
✔ unmount cancels acknowledgements without requiring a different schedule name (12.911292ms)
✔ out-of-order responses do not roll back the latest acknowledged baseline (12.477791ms)
✔ Save As retains edits made during its request and keeps them dirty (15.44ms)
✔ Save As response after navigation cannot replace the document or route (11.347791ms)
✔ resolveConflictOverwrite stops after its snapshot if navigation changed the document (16.210875ms)
✔ resolveConflictReload stops after its snapshot if navigation changed the document (11.0335ms)
✔ late cloud loads cannot overwrite a subsequent document (10.816833ms)
✔ row edits, undo and redo advance revisions without persisting request guards (11.070084ms)
✔ Save As requires creation and reports an existing name without losing edits (10.377875ms)
✔ restore applies only when the submitted document is unchanged (10.37975ms)
✔ restore preserves edits made during the request (13.552833ms)
✔ restore ignores a late response after switch (10.043667ms)
✔ restore ignores a late response after reopen (9.637208ms)
✔ restore ignores a late response after unmount (10.389917ms)
✔ restore ignores a late response after later save (13.89625ms)
✔ snapshot copy applies only when the submitted document is unchanged (9.85375ms)
✔ snapshot copy preserves edits made during the request (9.832167ms)
✔ snapshot copy ignores a late response after switch (9.780041ms)
✔ snapshot copy ignores a late response after reopen (9.238042ms)
✔ snapshot copy ignores a late response after unmount (14.088291ms)
✔ snapshot copy ignores a late response after later save (9.111916ms)
✔ an older toolbar save cannot acknowledge edits after restore starts (9.463959ms)
✔ snapshot copy name collision leaves the source unchanged and can be retried (9.200167ms)
✔ Save As refuses an existing name even with force and preserves its contents (10.232125ms)
✔ two simultaneous Save As requests for one name produce exactly one winner (0.956667ms)
✔ a provider outage must not be reported as a successful conditional save (25011.624916ms)
✔ normal saves retain timestamp conflict protection and allow intended updates (4.569ms)
✔ create-only requests still require an authorized editor (0.49475ms)
✔ save API distinguishes a name collision from a remote-version conflict (38.738834ms)
✔ two ordinary saves of the same baseline cannot overwrite each other (1.319958ms)
✔ baseline-free ordinary save cannot replace an existing schedule (0.681958ms)
✔ a stale update cannot resurrect a deleted document (1.174292ms)
✔ Apply preserves all receiving metadata, document identity and unsaved status with independent row keys (64.390209ms)
✔ Undo and redo preserve row count, nested content and the matching Apply provenance (21.790083ms)
✔ Confirming an earlier Apply save removes only acknowledged uses from current, undo and redo drafts (13.151583ms)
✔ Applying a newer review replaces obsolete pending provenance while Undo restores the exact earlier draft (14.737375ms)
✔ template recovery preserves collisions and is idempotent (1.694667ms)
✔ local template copies survive failure unless fully acknowledged and unchanged (42.845667ms)
✔ local template copies survive incomplete unless fully acknowledged and unchanged (6.080167ms)
✔ local template copies survive changed locally unless fully acknowledged and unchanged (6.477792ms)
✔ local template copies survive success unless fully acknowledged and unchanged (4.677708ms)
ℹ tests 62
ℹ suites 0
ℹ pass 62
ℹ fail 0
ℹ cancelled 0
ℹ skipped 0
ℹ todo 0
ℹ duration_ms 25192.4985
