
> roseland-schedule@2.0.0 test:platform
> node --disable-warning=MODULE_TYPELESS_PACKAGE_JSON --experimental-strip-types --test tests/platform/*.test.ts tests/platform/*.test.cjs

✔ acceptance uses an independent local gate and never exposes hosted config (2.125ms)
✔ review binds an immutable invitation to one account (0.2565ms)
✔ double confirmation sends only one request and never repeats success (0.186916ms)
✔ auth retains exact request and recovers same account (0.108167ms)
✔ unavailable retains exact request and recovers same account (0.063625ms)
✔ unknown retains exact request and recovers same account (0.057292ms)
✔ lost-response retry checks receipt before any second acceptance (0.10175ms)
✔ absent, malformed and mismatched receipts never confirm acceptance (0.11075ms)
✔ late accept or receipt cannot cross account boundaries (0.08825ms)
✔ account change while checking a retry never starts acceptance (0.121959ms)
✔ repository pins the captured actor token and rejects another account (0.385583ms)
✔ email callbacks accept only explicit operation and hash; reject duplicates and redirect injection (0.528834ms)
✔ Remember me persists authentication only and never changes draft journals (0.163958ms)
✔ unremembered auth does not survive a new tab; origin namespaces and accounts do not share a key (0.070917ms)
✔ development Auth setup is disabled by default (0.340833ms)
✔ development Auth setup accepts only a matching hosted Supabase project (0.339292ms)
✔ development Auth setup rejects secret keys and mismatched projects (0.221375ms)
✔ development Auth setup rejects insecure or malformed URLs (0.08075ms)
✔ Browser discovery preserves names, every nested row and original timestamp without assigning a tenant (1.181042ms)
✔ Malformed entries reject the entire discovery instead of preparing a partial import (0.414834ms)
✔ Template draft preparation excludes generated sun rows without altering original browser data (0.175167ms)
✔ Import review cannot be captured without an explicit ownership decision and exact source (0.321125ms)
✔ Request restoration validates but never normalizes an already captured payload (0.297625ms)
✔ Client grant uses 256 random bits, hash-only RPC and immutable versioned retry (18.243708ms)
✔ Actor switch sends no stale sharing RPC (1.175375ms)
✔ Legacy signature binds exact name and original lifetime (0.648125ms)
✔ Team deep links preserve validated IDs without granting access (0.513ms)
✔ provisioning input normalizes global organization preferences (24.781625ms)
✔ provisioning rejects invalid slugs and timezones (0.243959ms)
✔ invitation input defaults to a seven-day member invitation (0.15575ms)
✔ production invitations require a paired production role (0.083167ms)
✔ production invitations accept bounded roles and expiry (0.086875ms)
✔ revocation requires a bounded reason (0.064ms)
✔ idempotency keys are mandatory and log-safe (0.094834ms)
✔ verified AAL2 claims use the recent authentication method, not token refresh (0.319ms)
✔ AAL1 sessions are rejected (0.084083ms)
✔ verified workflow claims require a usable session ID and integral expiry (0.20025ms)
✔ stale authentication is rejected even when a token was recently refreshed (0.075959ms)
✔ claim subject and issuer must match the verified Auth response (0.086917ms)
✔ Google Places credentials stay server-only (28.825375ms)
✔ CSV round-trips quoted multiline Unicode and intended row context with formula-safe values (1.141291ms)
✔ CSV neutralizes formula prefixes in every column without altering ordinary text (0.263583ms)
✔ contact grouping preserves differing titles and emails, duplicate contexts, and title-only contacts (0.089667ms)
✔ safe download names strip filesystem separators, controls, and dot traversal (0.151333ms)
✔ fictional providers preserve zero coordinates, sun-only, unavailable and invalid data without network (7.807541ms)
✔ local admin needs its own flag, matching local server configuration and loopback host (0.63975ms)
✔ review snapshots normalize and freeze business input before any transport (0.33025ms)
✔ double submit produces one in-flight request and one acknowledged result (0.140625ms)
✔ unknown retains the exact key/body through same-account retry (0.106875ms)
✔ auth retains the exact key/body through same-account retry (0.067458ms)
✔ mfa retains the exact key/body through same-account retry (0.069791ms)
✔ rate retains the exact key/body through same-account retry (0.060333ms)
✔ denied retains the exact key/body through same-account retry (0.057625ms)
✔ changed-input conflict remains blocked even when a prior result is found (0.104916ms)
✔ uncertain transport can resolve only a matching completed result (0.139041ms)
✔ late request and result-check responses cannot cross an account boundary (0.103708ms)
✔ revocation cannot acknowledge a different invitation ID (0.082375ms)
✔ transport sends immutable key/body with current matching actor and bounded failures (19.185959ms)
✔ local backend requires explicit flag, loopback host and anonymous local key (0.544833ms)
✔ list rejects invalid cursors, malformed/duplicate summaries and maps expired sessions (0.548292ms)
✔ pending save advances version while preserving newer unsaved edits and prevents parallel save (6.28025ms)
✔ acknowledged current revision becomes clean; failed/conflicting save retains edits and baseline (0.2125ms)
✔ late save and load cannot cross a session boundary or overwrite edits made during loading (0.164625ms)
✔ Template recovery releases only a freshly verified unchanged baseline and preserves newer edits (0.177291ms)
✔ Template re-review cannot release an uncertain attempt when a later save or account switch wins (0.18725ms)
✔ passes a clean npm audit report (0.610667ms)
✔ allows findings below the high-severity gate (0.068333ms)
✔ blocks high or critical vulnerabilities (0.056334ms)
✔ recognizes the npm registry bulk-advisory outage (0.1265ms)
✔ fails closed for an unrecognized audit error (0.175125ms)
✔ lifecycle confirmation and version are immutable for exact retry (0.709083ms)
✔ lifecycle account switch cannot send an old actor request (0.285458ms)
✔ retries use identical request identity and do not change expected version (0.355584ms)
✔ mismatched lifecycle receipt remains unconfirmed (0.084875ms)
✔ malformed lifecycle state cannot silently enable writes (0.10375ms)
✔ membership attempt freezes target, revision and reason for exact retry (0.5755ms)
✔ actor switch sends no membership mutation (0.264708ms)
✔ membership retry sends the identical actor-bound versioned request (0.367667ms)
✔ mismatched receipt is unconfirmed, preserving caller request (0.085542ms)
✔ recent MFA and stale revisions remain distinct from unknown outcomes (0.106291ms)
✔ Organization appearance preserves supported complete configuration and captures immutable requests (2.51875ms)
✔ Organization appearance rejects arbitrary CSS, external logos, unknown fields and duplicate or reserved actions (0.26025ms)
✔ Forged UI flag cannot use provider proxy (36.997625ms)
✔ Valid existing editor token permits bounded private lookup (8.244708ms)
✔ Wrong token and foreign origin never reach provider (6.187791ms)
✔ Malformed and oversized bodies are refused before provider (6.09975ms)
✔ Provider errors cannot enter response or logs (4.247458ms)
✔ Process request budget is bounded and recovers after its window (1.025417ms)
✔ provisioning canonicalizes and freezes the complete review without trusting tenant roles (46.902625ms)
✔ invalid owners, names, addresses, locale, timezone and reason cannot become a review (0.422042ms)
✔ duplicate submits send once and successful reviews never resend (0.18025ms)
✔ unknown preserves the original key/body across same-account retry (0.165792ms)
✔ auth preserves the original key/body across same-account retry (0.099334ms)
✔ mfa preserves the original key/body across same-account retry (0.099209ms)
✔ denied preserves the original key/body across same-account retry (0.078209ms)
✔ rate preserves the original key/body across same-account retry (0.07875ms)
✔ conflicts never silently get a fresh key or retry (0.097292ms)
✔ account changes ignore late results and errors (0.200333ms)
✔ transport pins actor, exact body/key and no-cache same-origin endpoint (14.312917ms)
✔ transport requires a valid result and exact echoed request identity (0.5095ms)
✔ bounded server failures map without disclosing raw details (0.776875ms)
✔ Two tabs retain independent exact requests and one acknowledgement cannot clear the other (0.700875ms)
✔ Legacy single-record recovery remains readable while new records stay independent (0.083375ms)
✔ Upgrading a legacy request removes its obsolete pre-dispatch record only after verified persistence (0.069583ms)
✔ attempt deeply captures actor, baseline and every optional document value (0.596708ms)
✔ send failure retains exact attempt; new save and unreviewed retry cannot dispatch (0.692958ms)
✔ lost committed response confirms without a write and retains edits/undo revision (12.016458ms)
✔ confirmed current attempt becomes clean only at the captured edit revision (0.197375ms)
✔ later server version is reported but never adopted as a writable baseline (0.133667ms)
✔ exact retry probes again and sends the frozen document, never newer edits (0.144625ms)
✔ server changes after check block retry without adopting its version (0.105083ms)
✔ unauthenticated retains attempt and draft through same-actor recovery (0.131541ms)
✔ unavailable retains attempt and draft through same-actor recovery (0.101625ms)
✔ conflict retains attempt and draft through same-actor recovery (0.125584ms)
✔ failed retains attempt and draft through same-actor recovery (0.083875ms)
✔ definite invalid input frees the attempt for corrected draft submission (0.0765ms)
✔ account change rejects late send and clears old attempt (0.089583ms)
✔ account change rejects late probe and clears old attempt (0.069875ms)
✔ same-actor token transition retains pending attempt and invalidates its late acknowledgement (0.1415ms)
✔ held check suppresses duplicate checks and cannot replace a changed document session (0.08075ms)
✔ unavailable check is not failure proof; successful explicit reload clears recovery (0.11225ms)
✔ acknowledgements require exact document, version, author, identity and lifecycle metadata (0.510666ms)
✔ history match requires the exact next author/document/metadata; missing history never matches (0.513167ms)
✔ transport pins actor token, exact version/document and scoped history filters (0.926333ms)
✔ different SDK or selected account blocks old attempt before any API request (0.165875ms)
✔ probe distinguishes baseline, missing history after changed version, matching older history and denial (0.266959ms)
✔ same version with changed baseline or malformed acknowledgement does not enable exact retry (0.120958ms)
✔ matching history cannot clean a contradictory current record at the same version (0.1155ms)
✔ history advancing beyond the first read requires a fresh matching current read (0.19725ms)
✔ Apply save recovery requires an exact constraint receipt as well as a matching immutable document (0.191667ms)
✔ Apply save transport sends captured source constraints through the atomic template save endpoint (0.072875ms)
✔ schedule-only JSON preserves complete documents, source provenance and canonical hash (26.093708ms)
✔ legacy formats are accepted without importing any legacy network adapter (0.88975ms)
✔ tampered hashes, partial entries, invalid JSON and unsupported versions fail closed (1.514459ms)
✔ unrecognized fields, bounds, dates, times and large nested collections are rejected without stripping (1.272292ms)
✔ oversize file and count limits reject before review (14.85825ms)
✔ copy review freezes current draft and never mutates the source or later edits (0.5355ms)
✔ duplicate names, slugs and generated IDs fail before sending (0.477125ms)
✔ partial failure stops batch; lost acknowledgement recovers same UUID and skips completed items (0.529542ms)
✔ uncommitted failure retries the exact reviewed ID/document (0.22425ms)
✔ permission denial retains identity and prevents later items; auth recovery can retry (0.329125ms)
✔ scope change stops later writes and duplicate execution does not send twice (0.237291ms)
✔ conflicting identity blocks retry rather than allocating a replacement (0.130167ms)
✔ changed export inventory rejects incomplete or mixed output (5.873417ms)
✔ overwrite instructions are rejected rather than silently discarded (1.419084ms)
✔ library search includes a matching record beyond two complete pages (3.242833ms)
✔ library pagination refuses repeated IDs and another tenant instead of returning partial results (0.6025ms)
✔ Unassigned creation acknowledgement binds production and optional phase (5.752542ms)
✔ creation retains a deeply immutable ID, destination and empty document (1.005542ms)
✔ lifecycle review snapshots the saved version and payload independently of future edits (0.189792ms)
✔ invalid transitions, extra payload and unrelated history cannot be reviewed (0.119042ms)
✔ duplicate confirmation sends once; successful requests never resend (0.149041ms)
✔ invalid preserves the original review and expected version (0.156ms)
✔ unauthenticated preserves the original review and expected version (0.067666ms)
✔ unavailable preserves the original review and expected version (0.057625ms)
✔ failed preserves the original review and expected version (0.165417ms)
✔ lost response reconciles an immutable stored version without resending, even after later edits (0.535167ms)
✔ a different saved version conflicts and never adopts a newer expected version (0.193125ms)
✔ absence never proves failure; create retry retains UUID and mutation stays blocked when invisible (0.174667ms)
✔ late writes and reconciliation cannot cross an account boundary (0.108125ms)
✔ account change during retry reconciliation cannot start a mutation (0.082083ms)
✔ history matching binds actor, document, metadata, identity and exact next version (5.596584ms)
✔ stored rename result preserves its documented metadata boundary (0.113792ms)
✔ stored unarchive result preserves its documented metadata boundary (0.045916ms)
✔ stored delete result preserves its documented metadata boundary (0.061334ms)
✔ stored restore result preserves its documented metadata boundary (0.040708ms)
✔ stored restore_version result preserves its documented metadata boundary (0.048709ms)
✔ lifecycle discovery fixes tenant, collection and cursor; history fixes tenant, ID and version (0.3255ms)
✔ another current account cannot dispatch an old actor lifecycle request (0.245417ms)
✔ mutation pins the reviewed version/token and rejects a mismatched acknowledgement (0.390667ms)
✔ a mismatched tenant or stale preflight never dispatches a lifecycle mutation (0.128958ms)
✔ update carries the original expected version and complete document to the RPC (0.799041ms)
✔ read uses the RLS-backed target RPC (0.092708ms)
✔ unsafe versions and IDs never reach the transport (0.231792ms)
✔ database errors become bounded outcomes without exposing server details (0.257666ms)
✔ uncertain transport result cannot acknowledge a save or auto-retry it (0.09175ms)
✔ malformed, mismatched and stale acknowledgements are rejected (6.256667ms)
✔ creation requires a version-one acknowledgement for the requested parent (0.181875ms)
✔ lifecycle acknowledgements must advance the requested version exactly once (0.115584ms)
✔ snapshot capture freezes the complete draft without cleaning or truncating it (16.871584ms)
✔ snapshot request recovery is actor, organization, schedule and exact-request bound (1.714042ms)
✔ automatic capture observes the five-minute dirty interval and cannot cross document or account identity (0.426208ms)
✔ permanent snapshot deletion requires a reviewed explicit confirmation (0.30675ms)
✔ snapshot inventory preserves complete collections across pages above the old 25-item cap (1.273083ms)
✔ snapshot transport rejects another account and mismatched schedule responses (2.641666ms)
✔ an interrupted capture retains its identity across reload and confirms without another write (0.388542ms)
✔ a late snapshot restore never replaces a newer draft or another account/document (0.076958ms)
✔ Captured template mutation retains every nested row and exact request identity after newer edits (0.958708ms)
✔ Template acknowledgement must match request, object, action and exact next version (0.35075ms)
✔ Durable pending request survives reload only under the original account and organization (0.554541ms)
✔ Failed storage readback prevents dispatch-ready recovery state (0.149709ms)
✔ A changed account cannot send or probe an old template request (0.286333ms)
✔ Publication has a separate server operation and retries use the same reviewed version (0.145834ms)
✔ Template reads reject a different organization, target or malformed rows (0.307417ms)
✔ Definitive server validation rejection stays distinct from an uncertain transport failure (0.101ms)
✔ transfer review is deeply immutable and preserves identity through retry (0.533ms)
✔ copy retries submit original captured payload and validate exact receipt (0.563833ms)
✔ another account never sends a retained transfer (0.198ms)
✔ durable source draft includes undo and is bound to exact actor/org/schedule (14.530916ms)
✔ storage denial and failed readback must defer copy navigation (0.338209ms)
✔ restoring a version before a Move uses current canonical labels, including a return to the same production (0.856375ms)
✔ verified Auth claims bind service workflow headers; inbound actor headers are ignored (9.880458ms)
✔ failed Auth verification never reaches a service-role RPC (0.399917ms)
✔ legacy JWT service keys get a bearer header; new secret keys never do (0.675834ms)
✔ unbound, mismatched and unapproved service requests are refused before transport (0.367708ms)
✔ revocation between Auth verification and SQL admission returns a bounded 401 (0.322ms)
✔ platform workflows stay disabled by default (0.091ms)
✔ workflow replay conflicts and rate caps have bounded, distinct responses (0.359792ms)
✔ actual NextRequest loopback normalization preserves exact browser origin checks (9.19525ms)
✔ platform JSON rejects oversized chunked bodies without buffering the remainder (0.445625ms)
✔ snapshot policy validation preserves no-expiry and rejects invalid retention (0.864375ms)
✔ settings and copy journals isolate actor and request, and cannot silently overwrite another tab (0.249833ms)
✔ failed durable readback prevents a settings request from being prepared (0.129333ms)
✔ copy response must match original request, snapshot, destination identity and version (0.244625ms)
✔ interrupted settings submission retries the exact durable request and version (0.419709ms)
✔ blocks every local advisor warning (0.54225ms)
✔ allows only reviewed linked-project warnings (0.0585ms)
✔ always blocks error-level findings (0.045042ms)
✔ workspace gate requires independent opt-in, matching loopback config and server workflows (0.920125ms)
✔ navigation serializes only known screens and UUID organization identifiers (0.275417ms)
✔ session expiry and same-account reauthentication keep identity; sign-out invalidates outstanding work (0.088083ms)
✔ an account switch invalidates a pending directory result (0.078417ms)
✔ organization directory pins actor and uses narrow paginated MFA access RPC (0.35775ms)
✔ schedule listing fixes organization and permission check fixes production (0.187833ms)
✔ a mismatched account sends no directory or permission queries (0.279667ms)
✔ directory distinguishes session expiry from forbidden or malformed responses (0.167583ms)
ℹ tests 226
ℹ suites 0
ℹ pass 226
ℹ fail 0
ℹ cancelled 0
ℹ skipped 0
ℹ todo 0
ℹ duration_ms 353.565583
