
> roseland-schedule@2.0.0 test:platform
> node --disable-warning=MODULE_TYPELESS_PACKAGE_JSON --experimental-strip-types --test tests/platform/*.test.ts tests/platform/*.test.cjs

✔ acceptance uses an independent local gate and never exposes hosted config (0.92875ms)
✔ review binds an immutable invitation to one account (0.277833ms)
✔ double confirmation sends only one request and never repeats success (0.195583ms)
✔ auth retains exact request and recovers same account (0.1015ms)
✔ unavailable retains exact request and recovers same account (0.063167ms)
✔ unknown retains exact request and recovers same account (0.051583ms)
✔ lost-response retry checks receipt before any second acceptance (0.093416ms)
✔ absent, malformed and mismatched receipts never confirm acceptance (0.096708ms)
✔ late accept or receipt cannot cross account boundaries (0.07925ms)
✔ account change while checking a retry never starts acceptance (0.127542ms)
✔ repository pins the captured actor token and rejects another account (2.052958ms)
✔ email callbacks accept only explicit operation and hash; reject duplicates and redirect injection (2.912584ms)
✔ Remember me persists authentication only and never changes draft journals (0.178167ms)
✔ unremembered auth does not survive a new tab; origin namespaces and accounts do not share a key (0.069958ms)
✔ development Auth setup is disabled by default (0.351083ms)
✔ development Auth setup accepts only a matching hosted Supabase project (0.343083ms)
✔ development Auth setup rejects secret keys and mismatched projects (0.219958ms)
✔ development Auth setup rejects insecure or malformed URLs (0.078792ms)
✔ Browser discovery preserves names, every nested row and original timestamp without assigning a tenant (1.166458ms)
✔ Malformed entries reject the entire discovery instead of preparing a partial import (0.404625ms)
✔ Template draft preparation excludes generated sun rows without altering original browser data (0.177417ms)
✔ Import review cannot be captured without an explicit ownership decision and exact source (0.892667ms)
✔ Request restoration validates but never normalizes an already captured payload (0.4445ms)
✔ provisioning input normalizes global organization preferences (20.457375ms)
✔ provisioning rejects invalid slugs and timezones (0.249625ms)
✔ invitation input defaults to a seven-day member invitation (0.152958ms)
✔ production invitations require a paired production role (0.074042ms)
✔ production invitations accept bounded roles and expiry (0.080584ms)
✔ revocation requires a bounded reason (0.060833ms)
✔ idempotency keys are mandatory and log-safe (1.670917ms)
✔ verified AAL2 claims use the recent authentication method, not token refresh (0.387833ms)
✔ AAL1 sessions are rejected (0.093041ms)
✔ verified workflow claims require a usable session ID and integral expiry (1.169375ms)
✔ stale authentication is rejected even when a token was recently refreshed (0.121ms)
✔ claim subject and issuer must match the verified Auth response (0.223ms)
✔ Google Places credentials stay server-only (26.603375ms)
✔ CSV round-trips quoted multiline Unicode and intended row context with formula-safe values (0.939083ms)
✔ CSV neutralizes formula prefixes in every column without altering ordinary text (0.210834ms)
✔ contact grouping preserves differing titles and emails, duplicate contexts, and title-only contacts (0.081917ms)
✔ safe download names strip filesystem separators, controls, and dot traversal (0.12775ms)
✔ fictional providers preserve zero coordinates, sun-only, unavailable and invalid data without network (18.491458ms)
✔ local admin needs its own flag, matching local server configuration and loopback host (0.669042ms)
✔ review snapshots normalize and freeze business input before any transport (0.334292ms)
✔ double submit produces one in-flight request and one acknowledged result (0.19675ms)
✔ unknown retains the exact key/body through same-account retry (0.107458ms)
✔ auth retains the exact key/body through same-account retry (0.065375ms)
✔ mfa retains the exact key/body through same-account retry (0.122459ms)
✔ rate retains the exact key/body through same-account retry (0.070708ms)
✔ denied retains the exact key/body through same-account retry (0.058291ms)
✔ changed-input conflict remains blocked even when a prior result is found (0.140959ms)
✔ uncertain transport can resolve only a matching completed result (0.152833ms)
✔ late request and result-check responses cannot cross an account boundary (0.199625ms)
✔ revocation cannot acknowledge a different invitation ID (0.09325ms)
✔ transport sends immutable key/body with current matching actor and bounded failures (20.796958ms)
✔ local backend requires explicit flag, loopback host and anonymous local key (0.563375ms)
✔ list rejects invalid cursors, malformed/duplicate summaries and maps expired sessions (0.531542ms)
✔ pending save advances version while preserving newer unsaved edits and prevents parallel save (6.398042ms)
✔ acknowledged current revision becomes clean; failed/conflicting save retains edits and baseline (0.336333ms)
✔ late save and load cannot cross a session boundary or overwrite edits made during loading (0.224958ms)
✔ Template recovery releases only a freshly verified unchanged baseline and preserves newer edits (0.20375ms)
✔ Template re-review cannot release an uncertain attempt when a later save or account switch wins (0.200416ms)
✔ passes a clean npm audit report (0.642792ms)
✔ allows findings below the high-severity gate (0.072333ms)
✔ blocks high or critical vulnerabilities (0.057625ms)
✔ recognizes the npm registry bulk-advisory outage (0.127666ms)
✔ fails closed for an unrecognized audit error (0.154667ms)
✔ Organization appearance preserves supported complete configuration and captures immutable requests (0.997666ms)
✔ Organization appearance rejects arbitrary CSS, external logos, unknown fields and duplicate or reserved actions (0.245166ms)
✔ provisioning canonicalizes and freezes the complete review without trusting tenant roles (12.653333ms)
✔ invalid owners, names, addresses, locale, timezone and reason cannot become a review (0.64325ms)
✔ duplicate submits send once and successful reviews never resend (0.210833ms)
✔ unknown preserves the original key/body across same-account retry (0.152542ms)
✔ auth preserves the original key/body across same-account retry (0.100833ms)
✔ mfa preserves the original key/body across same-account retry (0.581083ms)
✔ denied preserves the original key/body across same-account retry (0.139417ms)
✔ rate preserves the original key/body across same-account retry (0.104625ms)
✔ conflicts never silently get a fresh key or retry (0.138ms)
✔ account changes ignore late results and errors (0.23425ms)
✔ transport pins actor, exact body/key and no-cache same-origin endpoint (12.158ms)
✔ transport requires a valid result and exact echoed request identity (0.503625ms)
✔ bounded server failures map without disclosing raw details (0.766875ms)
✔ Two tabs retain independent exact requests and one acknowledgement cannot clear the other (0.700583ms)
✔ Legacy single-record recovery remains readable while new records stay independent (0.082375ms)
✔ Upgrading a legacy request removes its obsolete pre-dispatch record only after verified persistence (0.07025ms)
✔ attempt deeply captures actor, baseline and every optional document value (1.420084ms)
✔ send failure retains exact attempt; new save and unreviewed retry cannot dispatch (1.047458ms)
✔ lost committed response confirms without a write and retains edits/undo revision (6.057875ms)
✔ confirmed current attempt becomes clean only at the captured edit revision (0.170875ms)
✔ later server version is reported but never adopted as a writable baseline (0.131166ms)
✔ exact retry probes again and sends the frozen document, never newer edits (0.148709ms)
✔ server changes after check block retry without adopting its version (0.105083ms)
✔ unauthenticated retains attempt and draft through same-actor recovery (0.127125ms)
✔ unavailable retains attempt and draft through same-actor recovery (0.115834ms)
✔ conflict retains attempt and draft through same-actor recovery (0.138791ms)
✔ failed retains attempt and draft through same-actor recovery (0.10025ms)
✔ definite invalid input frees the attempt for corrected draft submission (1.333542ms)
✔ account change rejects late send and clears old attempt (0.1665ms)
✔ account change rejects late probe and clears old attempt (0.091875ms)
✔ same-actor token transition retains pending attempt and invalidates its late acknowledgement (0.119583ms)
✔ held check suppresses duplicate checks and cannot replace a changed document session (0.07625ms)
✔ unavailable check is not failure proof; successful explicit reload clears recovery (0.104958ms)
✔ acknowledgements require exact document, version, author, identity and lifecycle metadata (0.523667ms)
✔ history match requires the exact next author/document/metadata; missing history never matches (0.636667ms)
✔ transport pins actor token, exact version/document and scoped history filters (0.974083ms)
✔ different SDK or selected account blocks old attempt before any API request (0.183125ms)
✔ probe distinguishes baseline, missing history after changed version, matching older history and denial (0.289ms)
✔ same version with changed baseline or malformed acknowledgement does not enable exact retry (0.11825ms)
✔ matching history cannot clean a contradictory current record at the same version (0.106416ms)
✔ history advancing beyond the first read requires a fresh matching current read (0.681542ms)
✔ Apply save recovery requires an exact constraint receipt as well as a matching immutable document (0.323666ms)
✔ Apply save transport sends captured source constraints through the atomic template save endpoint (0.295333ms)
✔ schedule-only JSON preserves complete documents, source provenance and canonical hash (39.334375ms)
✔ legacy formats are accepted without importing any legacy network adapter (1.805833ms)
✔ tampered hashes, partial entries, invalid JSON and unsupported versions fail closed (4.367041ms)
✔ unrecognized fields, bounds, dates, times and large nested collections are rejected without stripping (2.121167ms)
✔ oversize file and count limits reject before review (19.801375ms)
✔ copy review freezes current draft and never mutates the source or later edits (0.510541ms)
✔ duplicate names, slugs and generated IDs fail before sending (0.4785ms)
✔ partial failure stops batch; lost acknowledgement recovers same UUID and skips completed items (0.500083ms)
✔ uncommitted failure retries the exact reviewed ID/document (0.231375ms)
✔ permission denial retains identity and prevents later items; auth recovery can retry (0.345667ms)
✔ scope change stops later writes and duplicate execution does not send twice (0.279583ms)
✔ conflicting identity blocks retry rather than allocating a replacement (0.1345ms)
✔ changed export inventory rejects incomplete or mixed output (5.249583ms)
✔ overwrite instructions are rejected rather than silently discarded (1.413666ms)
✔ library search includes a matching record beyond two complete pages (1.819375ms)
✔ library pagination refuses repeated IDs and another tenant instead of returning partial results (0.343ms)
✔ Unassigned creation acknowledgement binds production and optional phase (5.876083ms)
✔ creation retains a deeply immutable ID, destination and empty document (1.076625ms)
✔ lifecycle review snapshots the saved version and payload independently of future edits (5.689458ms)
✔ invalid transitions, extra payload and unrelated history cannot be reviewed (0.42675ms)
✔ duplicate confirmation sends once; successful requests never resend (9.180042ms)
✔ invalid preserves the original review and expected version (0.202417ms)
✔ unauthenticated preserves the original review and expected version (0.083625ms)
✔ unavailable preserves the original review and expected version (0.061083ms)
✔ failed preserves the original review and expected version (0.071208ms)
✔ lost response reconciles an immutable stored version without resending, even after later edits (0.097208ms)
✔ a different saved version conflicts and never adopts a newer expected version (0.134166ms)
✔ absence never proves failure; create retry retains UUID and mutation stays blocked when invisible (0.151ms)
✔ late writes and reconciliation cannot cross an account boundary (0.096708ms)
✔ account change during retry reconciliation cannot start a mutation (0.084625ms)
✔ history matching binds actor, document, metadata, identity and exact next version (5.711833ms)
✔ stored rename result preserves its documented metadata boundary (0.11075ms)
✔ stored unarchive result preserves its documented metadata boundary (0.046333ms)
✔ stored delete result preserves its documented metadata boundary (0.057834ms)
✔ stored restore result preserves its documented metadata boundary (0.038458ms)
✔ stored restore_version result preserves its documented metadata boundary (0.04675ms)
✔ lifecycle discovery fixes tenant, collection and cursor; history fixes tenant, ID and version (0.314667ms)
✔ another current account cannot dispatch an old actor lifecycle request (5.040791ms)
✔ mutation pins the reviewed version/token and rejects a mismatched acknowledgement (4.214834ms)
✔ a mismatched tenant or stale preflight never dispatches a lifecycle mutation (0.649ms)
✔ update carries the original expected version and complete document to the RPC (3.127375ms)
✔ read uses the RLS-backed target RPC (0.151917ms)
✔ unsafe versions and IDs never reach the transport (0.245583ms)
✔ database errors become bounded outcomes without exposing server details (0.243083ms)
✔ uncertain transport result cannot acknowledge a save or auto-retry it (0.091542ms)
✔ malformed, mismatched and stale acknowledgements are rejected (0.962917ms)
✔ creation requires a version-one acknowledgement for the requested parent (2.030584ms)
✔ lifecycle acknowledgements must advance the requested version exactly once (0.275459ms)
✔ snapshot capture freezes the complete draft without cleaning or truncating it (6.298208ms)
✔ snapshot request recovery is actor, organization, schedule and exact-request bound (0.7975ms)
✔ automatic capture observes the five-minute dirty interval and cannot cross document or account identity (0.089542ms)
✔ permanent snapshot deletion requires a reviewed explicit confirmation (0.114333ms)
✔ snapshot inventory preserves complete collections across pages above the old 25-item cap (0.480667ms)
✔ snapshot transport rejects another account and mismatched schedule responses (0.321375ms)
✔ an interrupted capture retains its identity across reload and confirms without another write (0.285ms)
✔ a late snapshot restore never replaces a newer draft or another account/document (0.069ms)
✔ Captured template mutation retains every nested row and exact request identity after newer edits (1.027584ms)
✔ Template acknowledgement must match request, object, action and exact next version (0.367584ms)
✔ Durable pending request survives reload only under the original account and organization (0.571083ms)
✔ Failed storage readback prevents dispatch-ready recovery state (0.153958ms)
✔ A changed account cannot send or probe an old template request (0.266916ms)
✔ Publication has a separate server operation and retries use the same reviewed version (0.138458ms)
✔ Template reads reject a different organization, target or malformed rows (0.309875ms)
✔ Definitive server validation rejection stays distinct from an uncertain transport failure (0.099292ms)
✔ transfer review is deeply immutable and preserves identity through retry (0.516959ms)
✔ copy retries submit original captured payload and validate exact receipt (0.546084ms)
✔ another account never sends a retained transfer (0.192916ms)
✔ durable source draft includes undo and is bound to exact actor/org/schedule (7.416542ms)
✔ storage denial and failed readback must defer copy navigation (0.28725ms)
✔ restoring a version before a Move uses current canonical labels, including a return to the same production (1.1925ms)
✔ verified Auth claims bind service workflow headers; inbound actor headers are ignored (10.957292ms)
✔ failed Auth verification never reaches a service-role RPC (0.427583ms)
✔ legacy JWT service keys get a bearer header; new secret keys never do (0.901833ms)
✔ unbound, mismatched and unapproved service requests are refused before transport (0.40325ms)
✔ revocation between Auth verification and SQL admission returns a bounded 401 (0.299834ms)
✔ platform workflows stay disabled by default (0.084167ms)
✔ workflow replay conflicts and rate caps have bounded, distinct responses (0.291041ms)
✔ actual NextRequest loopback normalization preserves exact browser origin checks (12.720917ms)
✔ snapshot policy validation preserves no-expiry and rejects invalid retention (5.535917ms)
✔ settings and copy journals isolate actor and request, and cannot silently overwrite another tab (0.279167ms)
✔ failed durable readback prevents a settings request from being prepared (0.145833ms)
✔ copy response must match original request, snapshot, destination identity and version (0.265084ms)
✔ interrupted settings submission retries the exact durable request and version (0.486166ms)
✔ blocks every local advisor warning (0.600125ms)
✔ allows only reviewed linked-project warnings (0.060625ms)
✔ always blocks error-level findings (0.048625ms)
✔ workspace gate requires independent opt-in, matching loopback config and server workflows (0.871375ms)
✔ navigation serializes only known screens and UUID organization identifiers (0.255084ms)
✔ session expiry and same-account reauthentication keep identity; sign-out invalidates outstanding work (0.094625ms)
✔ an account switch invalidates a pending directory result (0.077334ms)
✔ organization directory pins actor, active membership, undeleted parents and cursor (0.386583ms)
✔ schedule listing fixes organization and permission check fixes production (0.184ms)
✔ a mismatched account sends no directory or permission queries (0.287125ms)
✔ directory distinguishes session expiry from forbidden or malformed responses (0.179125ms)
ℹ tests 205
ℹ suites 0
ℹ pass 205
ℹ fail 0
ℹ cancelled 0
ℹ skipped 0
ℹ todo 0
ℹ duration_ms 355.224042
