
> roseland-schedule@2.0.0 test:editor
> node --test tests/editor/*.test.cjs

✔ new and legacy backup formats round-trip complete schedule fields (39.722125ms)
✔ export fails instead of silently omitting unreadable schedules (13.617792ms)
✔ invalid backups are rejected before any writes (7.320709ms)
✔ imports are create-only and report partial failures without overwriting (7.646667ms)
✔ long document fields survive real store load, edits, undo/redo, serialization and reload (82.878542ms)
✔ refresh/clear of sun rows retains ordinary row identities, nested content and zero duration (23.528791ms)
✔ weather metadata and sun changes undo as one user operation without changing call sheet (15.583792ms)
✔ canonical tokenized public view passes through without an auth cookie or redirect (1.837209ms)
✔ legacy viewer link redirects once and preserves encoded name and token (0.502417ms)
✔ private schedules still require the auth flag (0.183208ms)
✔ deployed Request/Response entrypoints preserve native strong-read context across saving, listing, templates and snapshots (33.185875ms)
✔ Changing organization or cancelling preview clears absent palette tokens and action styles (52.657334ms)
✔ A late legacy configuration load cannot overwrite an organization-scoped configuration (9.60725ms)
✔ name-only and public=1 requests cannot bypass sharing authorization (1.532958ms)
✔ signed viewers receive only displayed fields; editors retain full documents (1.112083ms)
✔ view links are scoped, expire, and reject legacy or altered tokens (0.14125ms)
✔ save: acknowledges the submitted revision and reads the new baseline on the next save (82.227625ms)
✔ saveForce: acknowledges the submitted revision and reads the new baseline on the next save (23.5325ms)
✔ late success cannot mutate a reopened document with the same name (19.439167ms)
✔ late offline cannot mutate a reopened document with the same name (20.679292ms)
✔ late conflict cannot mutate a reopened document with the same name (12.695792ms)
✔ unmount cancels acknowledgements without requiring a different schedule name (13.190333ms)
✔ out-of-order responses do not roll back the latest acknowledged baseline (12.302875ms)
✔ Save As retains edits made during its request and keeps them dirty (15.810458ms)
✔ Save As response after navigation cannot replace the document or route (11.927584ms)
✔ resolveConflictOverwrite stops after its snapshot if navigation changed the document (21.477375ms)
✔ resolveConflictReload stops after its snapshot if navigation changed the document (10.344375ms)
✔ late cloud loads cannot overwrite a subsequent document (9.859208ms)
✔ row edits, undo and redo advance revisions without persisting request guards (11.597042ms)
✔ Save As requires creation and reports an existing name without losing edits (11.005625ms)
✔ restore applies only when the submitted document is unchanged (10.652917ms)
✔ restore preserves edits made during the request (13.714ms)
✔ restore ignores a late response after switch (9.605292ms)
✔ restore ignores a late response after reopen (10.250667ms)
✔ restore ignores a late response after unmount (10.057833ms)
✔ restore ignores a late response after later save (13.98125ms)
✔ snapshot copy applies only when the submitted document is unchanged (9.502458ms)
✔ snapshot copy preserves edits made during the request (10.303167ms)
✔ snapshot copy ignores a late response after switch (9.640167ms)
✔ snapshot copy ignores a late response after reopen (9.20625ms)
✔ snapshot copy ignores a late response after unmount (13.544875ms)
✔ snapshot copy ignores a late response after later save (9.244209ms)
✔ an older toolbar save cannot acknowledge edits after restore starts (9.934417ms)
✔ snapshot copy name collision leaves the source unchanged and can be retried (9.442875ms)
✔ Save As refuses an existing name even with force and preserves its contents (17.216083ms)
✔ two simultaneous Save As requests for one name produce exactly one winner (1.020583ms)
✔ a provider outage must not be reported as a successful conditional save (25006.288625ms)
✔ normal saves retain timestamp conflict protection and allow intended updates (2.659208ms)
✔ create-only requests still require an authorized editor (0.481708ms)
✔ save API distinguishes a name collision from a remote-version conflict (31.443ms)
✔ two ordinary saves of the same baseline cannot overwrite each other (0.982708ms)
✔ baseline-free ordinary save cannot replace an existing schedule (0.529167ms)
✔ a stale update cannot resurrect a deleted document (0.78275ms)
✔ Apply preserves all receiving metadata, document identity and unsaved status with independent row keys (72.069208ms)
✔ Undo and redo preserve row count, nested content and the matching Apply provenance (21.639333ms)
✔ Confirming an earlier Apply save removes only acknowledged uses from current, undo and redo drafts (14.108042ms)
✔ Applying a newer review replaces obsolete pending provenance while Undo restores the exact earlier draft (15.342791ms)
✔ template recovery preserves collisions and is idempotent (1.694167ms)
✔ local template copies survive failure unless fully acknowledged and unchanged (54.221958ms)
✔ local template copies survive incomplete unless fully acknowledged and unchanged (9.937666ms)
✔ local template copies survive changed locally unless fully acknowledged and unchanged (6.262ms)
✔ local template copies survive success unless fully acknowledged and unchanged (4.554542ms)
ℹ tests 62
ℹ suites 0
ℹ pass 62
ℹ fail 0
ℹ cancelled 0
ℹ skipped 0
ℹ todo 0
ℹ duration_ms 25210.477
