
> roseland-schedule@2.0.0 test:editor
> node --test tests/editor/*.test.cjs

✔ new and legacy backup formats round-trip complete schedule fields (32.498084ms)
✔ export fails instead of silently omitting unreadable schedules (7.796208ms)
✔ invalid backups are rejected before any writes (5.934416ms)
✔ imports are create-only and report partial failures without overwriting (4.324458ms)
✔ canonical tokenized public view passes through without an auth cookie or redirect (1.762334ms)
✔ legacy viewer link redirects once and preserves encoded name and token (0.494833ms)
✔ private schedules still require the auth flag (0.180167ms)
✔ deployed Request/Response entrypoints preserve native strong-read context across saving, listing, templates and snapshots (72.671667ms)
✔ name-only and public=1 requests cannot bypass sharing authorization (4.889375ms)
✔ signed viewers receive only displayed fields; editors retain full documents (5.2615ms)
✔ view links are scoped, expire, and reject legacy or altered tokens (0.178042ms)
✔ save: acknowledges the submitted revision and reads the new baseline on the next save (71.270208ms)
✔ saveForce: acknowledges the submitted revision and reads the new baseline on the next save (25.157ms)
✔ late success cannot mutate a reopened document with the same name (16.735458ms)
✔ late offline cannot mutate a reopened document with the same name (17.247292ms)
✔ late conflict cannot mutate a reopened document with the same name (14.741167ms)
✔ unmount cancels acknowledgements without requiring a different schedule name (12.934458ms)
✔ out-of-order responses do not roll back the latest acknowledged baseline (12.481166ms)
✔ Save As retains edits made during its request and keeps them dirty (14.56175ms)
✔ Save As response after navigation cannot replace the document or route (11.267833ms)
✔ resolveConflictOverwrite stops after its snapshot if navigation changed the document (15.604584ms)
✔ resolveConflictReload stops after its snapshot if navigation changed the document (10.1615ms)
✔ late cloud loads cannot overwrite a subsequent document (9.960959ms)
✔ row edits, undo and redo advance revisions without persisting request guards (10.651666ms)
✔ Save As requires creation and reports an existing name without losing edits (10.000709ms)
✔ restore applies only when the submitted document is unchanged (11.113209ms)
✔ restore preserves edits made during the request (14.195667ms)
✔ restore ignores a late response after switch (10.098583ms)
✔ restore ignores a late response after reopen (9.9965ms)
✔ restore ignores a late response after unmount (10.535125ms)
✔ restore ignores a late response after later save (10.704542ms)
✔ snapshot copy applies only when the submitted document is unchanged (15.515333ms)
✔ snapshot copy preserves edits made during the request (9.067ms)
✔ snapshot copy ignores a late response after switch (9.933ms)
✔ snapshot copy ignores a late response after reopen (9.579041ms)
✔ snapshot copy ignores a late response after unmount (10.595458ms)
✔ snapshot copy ignores a late response after later save (14.827792ms)
✔ an older toolbar save cannot acknowledge edits after restore starts (9.517ms)
✔ snapshot copy name collision leaves the source unchanged and can be retried (9.648ms)
✔ Save As refuses an existing name even with force and preserves its contents (9.507167ms)
✔ two simultaneous Save As requests for one name produce exactly one winner (0.912958ms)
✔ a provider outage must not be reported as a successful conditional save (25010.155459ms)
✔ normal saves retain timestamp conflict protection and allow intended updates (3.766959ms)
✔ create-only requests still require an authorized editor (0.669125ms)
✔ save API distinguishes a name collision from a remote-version conflict (37.41725ms)
✔ two ordinary saves of the same baseline cannot overwrite each other (1.2215ms)
✔ baseline-free ordinary save cannot replace an existing schedule (0.672459ms)
✔ a stale update cannot resurrect a deleted document (0.911875ms)
✔ template recovery preserves collisions and is idempotent (1.838875ms)
✔ local template copies survive failure unless fully acknowledged and unchanged (41.206ms)
✔ local template copies survive incomplete unless fully acknowledged and unchanged (6.000833ms)
✔ local template copies survive changed locally unless fully acknowledged and unchanged (5.034166ms)
✔ local template copies survive success unless fully acknowledged and unchanged (4.651375ms)
ℹ tests 53
ℹ suites 0
ℹ pass 53
ℹ fail 0
ℹ cancelled 0
ℹ skipped 0
ℹ todo 0
ℹ duration_ms 25325.096917
