
> roseland-schedule@2.0.0 build
> next build

   ▲ Next.js 15.5.25

   Creating an optimized production build ...
 ✓ Compiled successfully in 1147ms
   Linting and checking validity of types ...
   Collecting page data ...
   Generating static pages (0/9) ...
   Generating static pages (2/9)
   Generating static pages (4/9)
   Generating static pages (6/9)
 ✓ Generating static pages (9/9)
   Finalizing page optimization ...
   Collecting build traces ...

Route (app)                                             Size  First Load JS
┌ ○ /                                                19.5 kB         158 kB
├ ○ /_not-found                                        992 B         103 kB
├ ƒ /api/places                                        137 B         102 kB
├ ƒ /api/platform/invitations                          137 B         102 kB
├ ƒ /api/platform/invitations/[invitationId]/revoke    137 B         102 kB
├ ƒ /api/platform/organizations                        137 B         102 kB
├ ƒ /local-accept-invitation                         1.61 kB         169 kB
├ ƒ /local-invitations                                1.3 kB         173 kB
├ ƒ /local-schedule                                    181 B         222 kB
├ ƒ /local-workspace                                 11.3 kB         245 kB
├ ○ /login                                           3.18 kB         105 kB
├ ○ /manifest.webmanifest                              137 B         102 kB
├ ƒ /platform/setup                                  8.76 kB         173 kB
├ ƒ /schedule/[name]                                 13.6 kB         162 kB
├ ƒ /view                                            1.32 kB         108 kB
└ ƒ /view/[name]                                     1.34 kB         108 kB
+ First Load JS shared by all                         102 kB
  ├ chunks/320-5f0763626c28c277.js                     46 kB
  ├ chunks/4153c006-c63ff9b2bcd04d76.js              54.2 kB
  └ other shared chunks (total)                      1.97 kB


ƒ Middleware                                         32.7 kB

○  (Static)   prerendered as static content
ƒ  (Dynamic)  server-rendered on demand
