
> roseland-schedule@2.0.0 test:platform
> node --disable-warning=MODULE_TYPELESS_PACKAGE_JSON --experimental-strip-types --test tests/platform/*.test.ts tests/platform/*.test.cjs

✔ acceptance uses an independent local gate and never exposes hosted config (2.072625ms)
✔ review binds an immutable invitation to one account (0.255958ms)
✔ double confirmation sends only one request and never repeats success (0.184166ms)
✔ auth retains exact request and recovers same account (0.10925ms)
✔ unavailable retains exact request and recovers same account (0.067791ms)
✔ unknown retains exact request and recovers same account (0.05875ms)
✔ lost-response retry checks receipt before any second acceptance (0.105625ms)
✔ absent, malformed and mismatched receipts never confirm acceptance (0.11075ms)
✔ late accept or receipt cannot cross account boundaries (0.09025ms)
✔ account change while checking a retry never starts acceptance (0.538833ms)
✔ repository pins the captured actor token and rejects another account (0.756834ms)
✔ development Auth setup is disabled by default (3.245459ms)
✔ development Auth setup accepts only a matching hosted Supabase project (0.414166ms)
✔ development Auth setup rejects secret keys and mismatched projects (0.230708ms)
✔ development Auth setup rejects insecure or malformed URLs (0.0825ms)
✔ provisioning input normalizes global organization preferences (45.682125ms)
✔ provisioning rejects invalid slugs and timezones (0.215959ms)
✔ invitation input defaults to a seven-day member invitation (0.138208ms)
✔ production invitations require a paired production role (0.086166ms)
✔ production invitations accept bounded roles and expiry (0.079667ms)
✔ revocation requires a bounded reason (0.073375ms)
✔ idempotency keys are mandatory and log-safe (0.505708ms)
✔ verified AAL2 claims use the recent authentication method, not token refresh (0.287875ms)
✔ AAL1 sessions are rejected (0.08625ms)
✔ verified workflow claims require a usable session ID and integral expiry (0.195708ms)
✔ stale authentication is rejected even when a token was recently refreshed (0.071041ms)
✔ claim subject and issuer must match the verified Auth response (0.078417ms)
✔ Google Places credentials stay server-only (22.450333ms)
✔ local admin needs its own flag, matching local server configuration and loopback host (0.773709ms)
✔ review snapshots normalize and freeze business input before any transport (1.55025ms)
✔ double submit produces one in-flight request and one acknowledged result (0.2935ms)
✔ unknown retains the exact key/body through same-account retry (0.362125ms)
✔ auth retains the exact key/body through same-account retry (0.146291ms)
✔ mfa retains the exact key/body through same-account retry (0.084416ms)
✔ rate retains the exact key/body through same-account retry (0.064917ms)
✔ denied retains the exact key/body through same-account retry (0.053958ms)
✔ changed-input conflict remains blocked even when a prior result is found (0.135167ms)
✔ uncertain transport can resolve only a matching completed result (0.150625ms)
✔ late request and result-check responses cannot cross an account boundary (0.36675ms)
✔ revocation cannot acknowledge a different invitation ID (0.220333ms)
✔ transport sends immutable key/body with current matching actor and bounded failures (21.1075ms)
✔ local backend requires explicit flag, loopback host and anonymous local key (0.546834ms)
✔ list rejects invalid cursors, malformed/duplicate summaries and maps expired sessions (0.578417ms)
✔ pending save advances version while preserving newer unsaved edits and prevents parallel save (5.827209ms)
✔ acknowledged current revision becomes clean; failed/conflicting save retains edits and baseline (0.165458ms)
✔ late save and load cannot cross a session boundary or overwrite edits made during loading (0.131834ms)
✔ passes a clean npm audit report (2.007791ms)
✔ allows findings below the high-severity gate (0.105291ms)
✔ blocks high or critical vulnerabilities (0.06575ms)
✔ recognizes the npm registry bulk-advisory outage (0.135667ms)
✔ fails closed for an unrecognized audit error (0.166542ms)
✔ provisioning canonicalizes and freezes the complete review without trusting tenant roles (32.254917ms)
✔ invalid owners, names, addresses, locale, timezone and reason cannot become a review (0.378417ms)
✔ duplicate submits send once and successful reviews never resend (0.1685ms)
✔ unknown preserves the original key/body across same-account retry (0.15525ms)
✔ auth preserves the original key/body across same-account retry (0.091625ms)
✔ mfa preserves the original key/body across same-account retry (0.094583ms)
✔ denied preserves the original key/body across same-account retry (0.094583ms)
✔ rate preserves the original key/body across same-account retry (0.085458ms)
✔ conflicts never silently get a fresh key or retry (0.101708ms)
✔ account changes ignore late results and errors (0.2175ms)
✔ transport pins actor, exact body/key and no-cache same-origin endpoint (10.201417ms)
✔ transport requires a valid result and exact echoed request identity (0.5025ms)
✔ bounded server failures map without disclosing raw details (0.790958ms)
✔ attempt deeply captures actor, baseline and every optional document value (0.751625ms)
✔ send failure retains exact attempt; new save and unreviewed retry cannot dispatch (0.495917ms)
✔ lost committed response confirms without a write and retains edits/undo revision (6.3675ms)
✔ confirmed current attempt becomes clean only at the captured edit revision (0.243667ms)
✔ later server version is reported but never adopted as a writable baseline (0.159792ms)
✔ exact retry probes again and sends the frozen document, never newer edits (0.259541ms)
✔ server changes after check block retry without adopting its version (0.151333ms)
✔ unauthenticated retains attempt and draft through same-actor recovery (0.146833ms)
✔ unavailable retains attempt and draft through same-actor recovery (0.120917ms)
✔ conflict retains attempt and draft through same-actor recovery (0.130458ms)
✔ failed retains attempt and draft through same-actor recovery (0.090542ms)
✔ definite invalid input frees the attempt for corrected draft submission (0.08325ms)
✔ account change rejects late send and clears old attempt (0.105709ms)
✔ account change rejects late probe and clears old attempt (0.075916ms)
✔ same-actor token transition retains pending attempt and invalidates its late acknowledgement (0.102084ms)
✔ held check suppresses duplicate checks and cannot replace a changed document session (0.083375ms)
✔ unavailable check is not failure proof; successful explicit reload clears recovery (0.11625ms)
✔ acknowledgements require exact document, version, author, identity and lifecycle metadata (0.492292ms)
✔ history match requires the exact next author/document/metadata; missing history never matches (0.143333ms)
✔ transport pins actor token, exact version/document and scoped history filters (1.610208ms)
✔ different SDK or selected account blocks old attempt before any API request (0.219625ms)
✔ probe distinguishes baseline, missing history after changed version, matching older history and denial (0.326541ms)
✔ same version with changed baseline or malformed acknowledgement does not enable exact retry (0.143667ms)
✔ matching history cannot clean a contradictory current record at the same version (0.125ms)
✔ history advancing beyond the first read requires a fresh matching current read (0.2005ms)
✔ creation retains a deeply immutable ID, destination and empty document (0.980208ms)
✔ lifecycle review snapshots the saved version and payload independently of future edits (0.183917ms)
✔ invalid transitions, extra payload and unrelated history cannot be reviewed (0.119125ms)
✔ duplicate confirmation sends once; successful requests never resend (0.1515ms)
✔ invalid preserves the original review and expected version (0.112292ms)
✔ unauthenticated preserves the original review and expected version (0.064375ms)
✔ unavailable preserves the original review and expected version (0.06175ms)
✔ failed preserves the original review and expected version (0.076709ms)
✔ lost response reconciles an immutable stored version without resending, even after later edits (0.108959ms)
✔ a different saved version conflicts and never adopts a newer expected version (0.12875ms)
✔ absence never proves failure; create retry retains UUID and mutation stays blocked when invisible (0.137083ms)
✔ late writes and reconciliation cannot cross an account boundary (0.093959ms)
✔ account change during retry reconciliation cannot start a mutation (0.081ms)
✔ history matching binds actor, document, metadata, identity and exact next version (5.776625ms)
✔ stored rename result preserves its documented metadata boundary (0.125625ms)
✔ stored unarchive result preserves its documented metadata boundary (0.050208ms)
✔ stored delete result preserves its documented metadata boundary (0.062333ms)
✔ stored restore result preserves its documented metadata boundary (0.039083ms)
✔ stored restore_version result preserves its documented metadata boundary (0.048209ms)
✔ lifecycle discovery fixes tenant, collection and cursor; history fixes tenant, ID and version (0.347458ms)
✔ another current account cannot dispatch an old actor lifecycle request (0.245583ms)
✔ mutation pins the reviewed version/token and rejects a mismatched acknowledgement (0.386584ms)
✔ a mismatched tenant or stale preflight never dispatches a lifecycle mutation (0.1335ms)
✔ update carries the original expected version and complete document to the RPC (1.023792ms)
✔ read uses the RLS-backed target RPC (0.26775ms)
✔ unsafe versions and IDs never reach the transport (0.56375ms)
✔ database errors become bounded outcomes without exposing server details (0.3255ms)
✔ uncertain transport result cannot acknowledge a save or auto-retry it (0.0935ms)
✔ malformed, mismatched and stale acknowledgements are rejected (1.214334ms)
✔ creation requires a version-one acknowledgement for the requested parent (0.29625ms)
✔ lifecycle acknowledgements must advance the requested version exactly once (0.198292ms)
✔ verified Auth claims bind service workflow headers; inbound actor headers are ignored (10.376125ms)
✔ failed Auth verification never reaches a service-role RPC (0.484583ms)
✔ legacy JWT service keys get a bearer header; new secret keys never do (0.73775ms)
✔ unbound, mismatched and unapproved service requests are refused before transport (0.365875ms)
✔ revocation between Auth verification and SQL admission returns a bounded 401 (0.514583ms)
✔ platform workflows stay disabled by default (0.117542ms)
✔ workflow replay conflicts and rate caps have bounded, distinct responses (0.339791ms)
✔ actual NextRequest loopback normalization preserves exact browser origin checks (24.703875ms)
✔ blocks every local advisor warning (0.593209ms)
✔ allows only reviewed linked-project warnings (0.061958ms)
✔ always blocks error-level findings (0.048083ms)
✔ workspace gate requires independent opt-in, matching loopback config and server workflows (0.824125ms)
✔ navigation serializes only known screens and UUID organization identifiers (0.239625ms)
✔ session expiry and same-account reauthentication keep identity; sign-out invalidates outstanding work (0.084917ms)
✔ an account switch invalidates a pending directory result (0.072583ms)
✔ organization directory pins actor, active membership, undeleted parents and cursor (0.371625ms)
✔ schedule listing fixes organization and permission check fixes production (0.160125ms)
✔ a mismatched account sends no directory or permission queries (0.2715ms)
✔ directory distinguishes session expiry from forbidden or malformed responses (0.15625ms)
ℹ tests 139
ℹ suites 0
ℹ pass 139
ℹ fail 0
ℹ cancelled 0
ℹ skipped 0
ℹ todo 0
ℹ duration_ms 250.875875
